Archive member included to satisfy reference by file (symbol)

/Applications/STM32CubeIDE.app/Contents/Eclipse/plugins/com.st.stm32cube.ide.mcu.externaltools.gnu-tools-for-stm32.12.3.rel1.macos64_1.0.100.202403111906/tools/bin/../lib/gcc/arm-none-eabi/12.3.1/../../../../arm-none-eabi/lib/thumb/v7-m/nofp/libc_nano.a(libc_a-exit.o)
                              /Applications/STM32CubeIDE.app/Contents/Eclipse/plugins/com.st.stm32cube.ide.mcu.externaltools.gnu-tools-for-stm32.12.3.rel1.macos64_1.0.100.202403111906/tools/bin/../lib/gcc/arm-none-eabi/12.3.1/../../../../arm-none-eabi/lib/thumb/v7-m/nofp/crt0.o (exit)
/Applications/STM32CubeIDE.app/Contents/Eclipse/plugins/com.st.stm32cube.ide.mcu.externaltools.gnu-tools-for-stm32.12.3.rel1.macos64_1.0.100.202403111906/tools/bin/../lib/gcc/arm-none-eabi/12.3.1/../../../../arm-none-eabi/lib/thumb/v7-m/nofp/libc_nano.a(libc_a-findfp.o)
                              ./Middlewares/Third_Party/FreeRTOS/Source/tasks.o (__sf)
/Applications/STM32CubeIDE.app/Contents/Eclipse/plugins/com.st.stm32cube.ide.mcu.externaltools.gnu-tools-for-stm32.12.3.rel1.macos64_1.0.100.202403111906/tools/bin/../lib/gcc/arm-none-eabi/12.3.1/../../../../arm-none-eabi/lib/thumb/v7-m/nofp/libc_nano.a(libc_a-fwalk.o)
                              /Applications/STM32CubeIDE.app/Contents/Eclipse/plugins/com.st.stm32cube.ide.mcu.externaltools.gnu-tools-for-stm32.12.3.rel1.macos64_1.0.100.202403111906/tools/bin/../lib/gcc/arm-none-eabi/12.3.1/../../../../arm-none-eabi/lib/thumb/v7-m/nofp/libc_nano.a(libc_a-findfp.o) (_fwalk_sglue)
/Applications/STM32CubeIDE.app/Contents/Eclipse/plugins/com.st.stm32cube.ide.mcu.externaltools.gnu-tools-for-stm32.12.3.rel1.macos64_1.0.100.202403111906/tools/bin/../lib/gcc/arm-none-eabi/12.3.1/../../../../arm-none-eabi/lib/thumb/v7-m/nofp/libc_nano.a(libc_a-printf.o)
                              ./Core/Src/main.o (printf)
/Applications/STM32CubeIDE.app/Contents/Eclipse/plugins/com.st.stm32cube.ide.mcu.externaltools.gnu-tools-for-stm32.12.3.rel1.macos64_1.0.100.202403111906/tools/bin/../lib/gcc/arm-none-eabi/12.3.1/../../../../arm-none-eabi/lib/thumb/v7-m/nofp/libc_nano.a(libc_a-puts.o)
                              ./Core/Src/main.o (puts)
/Applications/STM32CubeIDE.app/Contents/Eclipse/plugins/com.st.stm32cube.ide.mcu.externaltools.gnu-tools-for-stm32.12.3.rel1.macos64_1.0.100.202403111906/tools/bin/../lib/gcc/arm-none-eabi/12.3.1/../../../../arm-none-eabi/lib/thumb/v7-m/nofp/libc_nano.a(libc_a-memset.o)
                              /Applications/STM32CubeIDE.app/Contents/Eclipse/plugins/com.st.stm32cube.ide.mcu.externaltools.gnu-tools-for-stm32.12.3.rel1.macos64_1.0.100.202403111906/tools/bin/../lib/gcc/arm-none-eabi/12.3.1/../../../../arm-none-eabi/lib/thumb/v7-m/nofp/crt0.o (memset)
/Applications/STM32CubeIDE.app/Contents/Eclipse/plugins/com.st.stm32cube.ide.mcu.externaltools.gnu-tools-for-stm32.12.3.rel1.macos64_1.0.100.202403111906/tools/bin/../lib/gcc/arm-none-eabi/12.3.1/../../../../arm-none-eabi/lib/thumb/v7-m/nofp/libc_nano.a(libc_a-reent.o)
                              ./Middlewares/Third_Party/FreeRTOS/Source/tasks.o (_reclaim_reent)
/Applications/STM32CubeIDE.app/Contents/Eclipse/plugins/com.st.stm32cube.ide.mcu.externaltools.gnu-tools-for-stm32.12.3.rel1.macos64_1.0.100.202403111906/tools/bin/../lib/gcc/arm-none-eabi/12.3.1/../../../../arm-none-eabi/lib/thumb/v7-m/nofp/libc_nano.a(libc_a-impure.o)
                              ./Middlewares/Third_Party/FreeRTOS/Source/tasks.o (_impure_ptr)
/Applications/STM32CubeIDE.app/Contents/Eclipse/plugins/com.st.stm32cube.ide.mcu.externaltools.gnu-tools-for-stm32.12.3.rel1.macos64_1.0.100.202403111906/tools/bin/../lib/gcc/arm-none-eabi/12.3.1/../../../../arm-none-eabi/lib/thumb/v7-m/nofp/libc_nano.a(libc_a-errno.o)
                              ./Core/Src/syscalls.o (__errno)
/Applications/STM32CubeIDE.app/Contents/Eclipse/plugins/com.st.stm32cube.ide.mcu.externaltools.gnu-tools-for-stm32.12.3.rel1.macos64_1.0.100.202403111906/tools/bin/../lib/gcc/arm-none-eabi/12.3.1/../../../../arm-none-eabi/lib/thumb/v7-m/nofp/libc_nano.a(libc_a-init.o)
                              /Applications/STM32CubeIDE.app/Contents/Eclipse/plugins/com.st.stm32cube.ide.mcu.externaltools.gnu-tools-for-stm32.12.3.rel1.macos64_1.0.100.202403111906/tools/bin/../lib/gcc/arm-none-eabi/12.3.1/../../../../arm-none-eabi/lib/thumb/v7-m/nofp/crt0.o (__libc_init_array)
/Applications/STM32CubeIDE.app/Contents/Eclipse/plugins/com.st.stm32cube.ide.mcu.externaltools.gnu-tools-for-stm32.12.3.rel1.macos64_1.0.100.202403111906/tools/bin/../lib/gcc/arm-none-eabi/12.3.1/../../../../arm-none-eabi/lib/thumb/v7-m/nofp/libc_nano.a(libc_a-lock.o)
[...]
Memory Configuration

Name             Origin             Length             Attributes
RAM              0x20000000         0x00005000         xrw
FLASH            0x08000000         0x00020000         xr
*default*        0x00000000         0xffffffff

Linker script and memory map

LOAD /Applications/STM32CubeIDE.app/Contents/Eclipse/plugins/com.st.stm32cube.ide.mcu.externaltools.gnu-tools-for-stm32.12.3.rel1.macos64_1.0.100.202403111906/tools/bin/../lib/gcc/arm-none-eabi/12.3.1/thumb/v7-m/nofp/crti.o
LOAD /Applications/STM32CubeIDE.app/Contents/Eclipse/plugins/com.st.stm32cube.ide.mcu.externaltools.gnu-tools-for-stm32.12.3.rel1.macos64_1.0.100.202403111906/tools/bin/../lib/gcc/arm-none-eabi/12.3.1/thumb/v7-m/nofp/crtbegin.o
LOAD /Applications/STM32CubeIDE.app/Contents/Eclipse/plugins/com.st.stm32cube.ide.mcu.externaltools.gnu-tools-for-stm32.12.3.rel1.macos64_1.0.100.202403111906/tools/bin/../lib/gcc/arm-none-eabi/12.3.1/../../../../arm-none-eabi/lib/thumb/v7-m/nofp/crt0.o
LOAD ./Core/Src/freertos.o
LOAD ./Core/Src/main.o
LOAD ./Core/Src/stm32f1xx_hal_msp.o
LOAD ./Core/Src/stm32f1xx_hal_timebase_tim.o
LOAD ./Core/Src/stm32f1xx_it.o
LOAD ./Core/Src/syscalls.o
LOAD ./Core/Src/sysmem.o
LOAD ./Core/Src/system_stm32f1xx.o
LOAD ./Core/Startup/startup_stm32f103rbtx.o
LOAD ./Drivers/STM32F1xx_HAL_Driver/Src/stm32f1xx_hal.o
LOAD ./Drivers/STM32F1xx_HAL_Driver/Src/stm32f1xx_hal_cortex.o
LOAD ./Drivers/STM32F1xx_HAL_Driver/Src/stm32f1xx_hal_dma.o
LOAD ./Drivers/STM32F1xx_HAL_Driver/Src/stm32f1xx_hal_exti.o
LOAD ./Drivers/STM32F1xx_HAL_Driver/Src/stm32f1xx_hal_flash.o
LOAD ./Drivers/STM32F1xx_HAL_Driver/Src/stm32f1xx_hal_flash_ex.o
LOAD ./Drivers/STM32F1xx_HAL_Driver/Src/stm32f1xx_hal_gpio.o
LOAD ./Drivers/STM32F1xx_HAL_Driver/Src/stm32f1xx_hal_gpio_ex.o
LOAD ./Drivers/STM32F1xx_HAL_Driver/Src/stm32f1xx_hal_pwr.o
LOAD ./Drivers/STM32F1xx_HAL_Driver/Src/stm32f1xx_hal_rcc.o
LOAD ./Drivers/STM32F1xx_HAL_Driver/Src/stm32f1xx_hal_rcc_ex.o
LOAD ./Drivers/STM32F1xx_HAL_Driver/Src/stm32f1xx_hal_tim.o
LOAD ./Drivers/STM32F1xx_HAL_Driver/Src/stm32f1xx_hal_tim_ex.o
LOAD ./Drivers/STM32F1xx_HAL_Driver/Src/stm32f1xx_hal_uart.o
LOAD ./Middlewares/Third_Party/FreeRTOS/Source/CMSIS_RTOS/cmsis_os.o
LOAD ./Middlewares/Third_Party/FreeRTOS/Source/croutine.o
LOAD ./Middlewares/Third_Party/FreeRTOS/Source/event_groups.o
LOAD ./Middlewares/Third_Party/FreeRTOS/Source/list.o
LOAD ./Middlewares/Third_Party/FreeRTOS/Source/queue.o
LOAD ./Middlewares/Third_Party/FreeRTOS/Source/stream_buffer.o
LOAD ./Middlewares/Third_Party/FreeRTOS/Source/tasks.o
LOAD ./Middlewares/Third_Party/FreeRTOS/Source/timers.o
LOAD ./Middlewares/Third_Party/FreeRTOS/Source/portable/GCC/ARM_CM3/port.o
LOAD ./Middlewares/Third_Party/FreeRTOS/Source/portable/MemMang/heap_4.o
START GROUP
LOAD /Applications/STM32CubeIDE.app/Contents/Eclipse/plugins/com.st.stm32cube.ide.mcu.externaltools.gnu-tools-for-stm32.12.3.rel1.macos64_1.0.100.202403111906/tools/bin/../lib/gcc/arm-none-eabi/12.3.1/../../../../arm-none-eabi/lib/thumb/v7-m/nofp/libc_nano.a
LOAD /Applications/STM32CubeIDE.app/Contents/Eclipse/plugins/com.st.stm32cube.ide.mcu.externaltools.gnu-tools-for-stm32.12.3.rel1.macos64_1.0.100.202403111906/tools/bin/../lib/gcc/arm-none-eabi/12.3.1/../../../../arm-none-eabi/lib/thumb/v7-m/nofp/libm.a
END GROUP
START GROUP
LOAD /Applications/STM32CubeIDE.app/Contents/Eclipse/plugins/com.st.stm32cube.ide.mcu.externaltools.gnu-tools-for-stm32.12.3.rel1.macos64_1.0.100.202403111906/tools/bin/../lib/gcc/arm-none-eabi/12.3.1/thumb/v7-m/nofp/libgcc.a
LOAD /Applications/STM32CubeIDE.app/Contents/Eclipse/plugins/com.st.stm32cube.ide.mcu.externaltools.gnu-tools-for-stm32.12.3.rel1.macos64_1.0.100.202403111906/tools/bin/../lib/gcc/arm-none-eabi/12.3.1/../../../../arm-none-eabi/lib/thumb/v7-m/nofp/libc_nano.a
END GROUP
START GROUP
LOAD /Applications/STM32CubeIDE.app/Contents/Eclipse/plugins/com.st.stm32cube.ide.mcu.externaltools.gnu-tools-for-stm32.12.3.rel1.macos64_1.0.100.202403111906/tools/bin/../lib/gcc/arm-none-eabi/12.3.1/thumb/v7-m/nofp/libgcc.a
LOAD /Applications/STM32CubeIDE.app/Contents/Eclipse/plugins/com.st.stm32cube.ide.mcu.externaltools.gnu-tools-for-stm32.12.3.rel1.macos64_1.0.100.202403111906/tools/bin/../lib/gcc/arm-none-eabi/12.3.1/../../../../arm-none-eabi/lib/thumb/v7-m/nofp/libc_nano.a
LOAD /Applications/STM32CubeIDE.app/Contents/Eclipse/plugins/com.st.stm32cube.ide.mcu.externaltools.gnu-tools-for-stm32.12.3.rel1.macos64_1.0.100.202403111906/tools/bin/../lib/gcc/arm-none-eabi/12.3.1/../../../../arm-none-eabi/lib/thumb/v7-m/nofp/libnosys.a
END GROUP
START GROUP
LOAD /Applications/STM32CubeIDE.app/Contents/Eclipse/plugins/com.st.stm32cube.ide.mcu.externaltools.gnu-tools-for-stm32.12.3.rel1.macos64_1.0.100.202403111906/tools/bin/../lib/gcc/arm-none-eabi/12.3.1/thumb/v7-m/nofp/libgcc.a
LOAD /Applications/STM32CubeIDE.app/Contents/Eclipse/plugins/com.st.stm32cube.ide.mcu.externaltools.gnu-tools-for-stm32.12.3.rel1.macos64_1.0.100.202403111906/tools/bin/../lib/gcc/arm-none-eabi/12.3.1/../../../../arm-none-eabi/lib/thumb/v7-m/nofp/libc_nano.a
LOAD /Applications/STM32CubeIDE.app/Contents/Eclipse/plugins/com.st.stm32cube.ide.mcu.externaltools.gnu-tools-for-stm32.12.3.rel1.macos64_1.0.100.202403111906/tools/bin/../lib/gcc/arm-none-eabi/12.3.1/../../../../arm-none-eabi/lib/thumb/v7-m/nofp/libnosys.a
END GROUP
LOAD /Applications/STM32CubeIDE.app/Contents/Eclipse/plugins/com.st.stm32cube.ide.mcu.externaltools.gnu-tools-for-stm32.12.3.rel1.macos64_1.0.100.202403111906/tools/bin/../lib/gcc/arm-none-eabi/12.3.1/thumb/v7-m/nofp/crtend.o
LOAD /Applications/STM32CubeIDE.app/Contents/Eclipse/plugins/com.st.stm32cube.ide.mcu.externaltools.gnu-tools-for-stm32.12.3.rel1.macos64_1.0.100.202403111906/tools/bin/../lib/gcc/arm-none-eabi/12.3.1/thumb/v7-m/nofp/crtn.o
                0x20005000                        _estack = (ORIGIN (RAM) + LENGTH (RAM))
                0x00000200                        _Min_Heap_Size = 0x200
                0x00000400                        _Min_Stack_Size = 0x400

.isr_vector     0x08000000      0x10c
                0x08000000                        . = ALIGN (0x4)
 *(.isr_vector)
 .isr_vector    0x08000000      0x10c ./Core/Startup/startup_stm32f103rbtx.o
                0x08000000                g_pfnVectors
                0x0800010c                        . = ALIGN (0x4)

.text           0x08000110     0x4f68
                0x08000110                        . = ALIGN (0x4)
 *(.text)
 .text          0x08000110       0x40 /Applications/STM32CubeIDE.app/Contents/Eclipse/plugins/com.st.stm32cube.ide.mcu.externaltools.gnu-tools-for-stm32.12.3.rel1.macos64_1.0.100.202403111906/tools/bin/../lib/gcc/arm-none-eabi/12.3.1/thumb/v7-m/nofp/crtbegin.o
 *(.text*)
 .text.vApplicationGetIdleTaskMemory
                0x08000150       0x30 ./Core/Src/freertos.o
                0x08000150                vApplicationGetIdleTaskMemory
 .text._write   0x08000180       0x4c ./Core/Src/main.o
                0x08000180                _write
 .text.main     0x080001cc      0x118 ./Core/Src/main.o
                0x080001cc                main
 .text.SystemClock_Config
                0x080002e4       0x82 ./Core/Src/main.o
                0x080002e4                SystemClock_Config
 *fill*         0x08000366        0x2 
 .text.MX_USART1_UART_Init
                0x08000368       0x54 ./Core/Src/main.o
 .text.MX_GPIO_Init
                0x080003bc       0xdc ./Core/Src/main.o
 .text.StartTask1
                0x08000498       0xa4 ./Core/Src/main.o
                0x08000498                StartTask1
 .text.StartTask2
                0x0800053c       0x98 ./Core/Src/main.o
                0x0800053c                StartTask2
 .text.StartDefaultTask
                0x080005d4        0xc ./Core/Src/main.o
                0x080005d4                StartDefaultTask
 .text.HAL_TIM_PeriodElapsedCallback
                0x080005e0       0x24 ./Core/Src/main.o
                0x080005e0                HAL_TIM_PeriodElapsedCallback
 .text.Error_Handler
                0x08000604        0xc ./Core/Src/main.o
                0x08000604                Error_Handler
 .text.HAL_MspInit
                0x08000610       0x70 ./Core/Src/stm32f1xx_hal_msp.o
                0x08000610                HAL_MspInit
 .text.HAL_UART_MspInit
                0x08000680       0x98 ./Core/Src/stm32f1xx_hal_msp.o
                0x08000680                HAL_UART_MspInit
 .text.HAL_InitTick
                0x08000718       0xfc ./Core/Src/stm32f1xx_hal_timebase_tim.o
                0x08000718                HAL_InitTick
 .text.NMI_Handler
                0x08000814        0x8 ./Core/Src/stm32f1xx_it.o
                0x08000814                NMI_Handler
 .text.HardFault_Handler
                0x0800081c        0x8 ./Core/Src/stm32f1xx_it.o
                0x0800081c                HardFault_Handler
 .text.MemManage_Handler
                0x08000824        0x8 ./Core/Src/stm32f1xx_it.o
                0x08000824                MemManage_Handler
 .text.BusFault_Handler
                0x0800082c        0x8 ./Core/Src/stm32f1xx_it.o
                0x0800082c                BusFault_Handler
 .text.UsageFault_Handler
                0x08000834        0x8 ./Core/Src/stm32f1xx_it.o
                0x08000834                UsageFault_Handler
 .text.DebugMon_Handler
                0x0800083c        0xc ./Core/Src/stm32f1xx_it.o
                0x0800083c                DebugMon_Handler
 .text.TIM4_IRQHandler
                0x08000848       0x14 ./Core/Src/stm32f1xx_it.o
                0x08000848                TIM4_IRQHandler
 .text.EXTI15_10_IRQHandler
                0x0800085c       0x10 ./Core/Src/stm32f1xx_it.o
                0x0800085c                EXTI15_10_IRQHandler
 .text._read    0x0800086c       0x3a ./Core/Src/syscalls.o
                0x0800086c                _read
 .text._close   0x080008a6       0x16 ./Core/Src/syscalls.o
                0x080008a6                _close
 .text._fstat   0x080008bc       0x1e ./Core/Src/syscalls.o
                0x080008bc                _fstat
 .text._isatty  0x080008da       0x14 ./Core/Src/syscalls.o
                0x080008da                _isatty
 .text._lseek   0x080008ee       0x18 ./Core/Src/syscalls.o
                0x080008ee                _lseek
 *fill*         0x08000906        0x2 
 .text._sbrk    0x08000908       0x6c ./Core/Src/sysmem.o
                0x08000908                _sbrk
 .text.SystemInit
                0x08000974        0xc ./Core/Src/system_stm32f1xx.o
                0x08000974                SystemInit
 .text.Reset_Handler
                0x08000980       0x48 ./Core/Startup/startup_stm32f103rbtx.o
                0x08000980                Reset_Handler
 .text.Default_Handler
                0x080009c8        0x2 ./Core/Startup/startup_stm32f103rbtx.o
                0x080009c8                USBWakeUp_IRQHandler
                0x080009c8                EXTI2_IRQHandler
                0x080009c8                TIM1_CC_IRQHandler
                0x080009c8                PVD_IRQHandler
                0x080009c8                EXTI3_IRQHandler
                0x080009c8                EXTI0_IRQHandler
                0x080009c8                I2C2_EV_IRQHandler
                0x080009c8                ADC1_2_IRQHandler
                0x080009c8                SPI1_IRQHandler
                0x080009c8                TAMPER_IRQHandler
                0x080009c8                DMA1_Channel4_IRQHandler
                0x080009c8                USART3_IRQHandler
                0x080009c8                RTC_IRQHandler
                0x080009c8                DMA1_Channel7_IRQHandler
                0x080009c8                CAN1_RX1_IRQHandler
                0x080009c8                I2C1_EV_IRQHandler
                0x080009c8                DMA1_Channel6_IRQHandler
                0x080009c8                TIM3_IRQHandler
                0x080009c8                RCC_IRQHandler
                0x080009c8                TIM1_TRG_COM_IRQHandler
                0x080009c8                DMA1_Channel1_IRQHandler
                0x080009c8                Default_Handler
                0x080009c8                EXTI9_5_IRQHandler
                0x080009c8                SPI2_IRQHandler
                0x080009c8                DMA1_Channel5_IRQHandler
                0x080009c8                EXTI4_IRQHandler
                0x080009c8                USB_LP_CAN1_RX0_IRQHandler
                0x080009c8                USB_HP_CAN1_TX_IRQHandler
                0x080009c8                DMA1_Channel3_IRQHandler
                0x080009c8                TIM1_UP_IRQHandler
                0x080009c8                WWDG_IRQHandler
                0x080009c8                TIM2_IRQHandler
                0x080009c8                TIM1_BRK_IRQHandler
                0x080009c8                EXTI1_IRQHandler
                0x080009c8                USART2_IRQHandler
                0x080009c8                I2C2_ER_IRQHandler
                0x080009c8                DMA1_Channel2_IRQHandler
                0x080009c8                CAN1_SCE_IRQHandler
                0x080009c8                FLASH_IRQHandler
                0x080009c8                USART1_IRQHandler
                0x080009c8                I2C1_ER_IRQHandler
                0x080009c8                RTC_Alarm_IRQHandler
 *fill*         0x080009ca        0x2 
 .text.HAL_Init
                0x080009cc       0x2c ./Drivers/STM32F1xx_HAL_Driver/Src/stm32f1xx_hal.o
                0x080009cc                HAL_Init
 .text.HAL_IncTick
                0x080009f8       0x24 ./Drivers/STM32F1xx_HAL_Driver/Src/stm32f1xx_hal.o
                0x080009f8                HAL_IncTick
 .text.HAL_GetTick
                0x08000a1c       0x14 ./Drivers/STM32F1xx_HAL_Driver/Src/stm32f1xx_hal.o
                0x08000a1c                HAL_GetTick
 .text.__NVIC_SetPriorityGrouping
                0x08000a30       0x48 ./Drivers/STM32F1xx_HAL_Driver/Src/stm32f1xx_hal_cortex.o
 .text.__NVIC_GetPriorityGrouping
                0x08000a78       0x1c ./Drivers/STM32F1xx_HAL_Driver/Src/stm32f1xx_hal_cortex.o
 .text.__NVIC_EnableIRQ
                0x08000a94       0x38 ./Drivers/STM32F1xx_HAL_Driver/Src/stm32f1xx_hal_cortex.o
 .text.__NVIC_SetPriority
                0x08000acc       0x54 ./Drivers/STM32F1xx_HAL_Driver/Src/stm32f1xx_hal_cortex.o
 .text.NVIC_EncodePriority
                0x08000b20       0x64 ./Drivers/STM32F1xx_HAL_Driver/Src/stm32f1xx_hal_cortex.o
 .text.HAL_NVIC_SetPriorityGrouping
                0x08000b84       0x16 ./Drivers/STM32F1xx_HAL_Driver/Src/stm32f1xx_hal_cortex.o
                0x08000b84                HAL_NVIC_SetPriorityGrouping
 .text.HAL_NVIC_SetPriority
                0x08000b9a       0x38 ./Drivers/STM32F1xx_HAL_Driver/Src/stm32f1xx_hal_cortex.o
                0x08000b9a                HAL_NVIC_SetPriority
 .text.HAL_NVIC_EnableIRQ
                0x08000bd2       0x1c ./Drivers/STM32F1xx_HAL_Driver/Src/stm32f1xx_hal_cortex.o
                0x08000bd2                HAL_NVIC_EnableIRQ
 *fill*         0x08000bee        0x2 
 .text.HAL_GPIO_Init
                0x08000bf0      0x308 ./Drivers/STM32F1xx_HAL_Driver/Src/stm32f1xx_hal_gpio.o
                0x08000bf0                HAL_GPIO_Init
 .text.HAL_GPIO_WritePin
                0x08000ef8       0x30 ./Drivers/STM32F1xx_HAL_Driver/Src/stm32f1xx_hal_gpio.o
                0x08000ef8                HAL_GPIO_WritePin
 .text.HAL_GPIO_EXTI_IRQHandler
                0x08000f28       0x30 ./Drivers/STM32F1xx_HAL_Driver/Src/stm32f1xx_hal_gpio.o
                0x08000f28                HAL_GPIO_EXTI_IRQHandler
 .text.HAL_GPIO_EXTI_Callback
                0x08000f58       0x14 ./Drivers/STM32F1xx_HAL_Driver/Src/stm32f1xx_hal_gpio.o
                0x08000f58                HAL_GPIO_EXTI_Callback
 .text.HAL_RCC_OscConfig
                0x08000f6c      0x504 ./Drivers/STM32F1xx_HAL_Driver/Src/stm32f1xx_hal_rcc.o
                0x08000f6c                HAL_RCC_OscConfig
 .text.HAL_RCC_ClockConfig
                0x08001470      0x1d4 ./Drivers/STM32F1xx_HAL_Driver/Src/stm32f1xx_hal_rcc.o
                0x08001470                HAL_RCC_ClockConfig
 .text.HAL_RCC_GetSysClockFreq
                0x08001644       0xa8 ./Drivers/STM32F1xx_HAL_Driver/Src/stm32f1xx_hal_rcc.o
                0x08001644                HAL_RCC_GetSysClockFreq
 .text.HAL_RCC_GetHCLKFreq
                0x080016ec       0x14 ./Drivers/STM32F1xx_HAL_Driver/Src/stm32f1xx_hal_rcc.o
                0x080016ec                HAL_RCC_GetHCLKFreq
 .text.HAL_RCC_GetPCLK1Freq
                0x08001700       0x28 ./Drivers/STM32F1xx_HAL_Driver/Src/stm32f1xx_hal_rcc.o
                0x08001700                HAL_RCC_GetPCLK1Freq
 .text.HAL_RCC_GetPCLK2Freq
                0x08001728       0x28 ./Drivers/STM32F1xx_HAL_Driver/Src/stm32f1xx_hal_rcc.o
                0x08001728                HAL_RCC_GetPCLK2Freq
 .text.HAL_RCC_GetClockConfig
                0x08001750       0x60 ./Drivers/STM32F1xx_HAL_Driver/Src/stm32f1xx_hal_rcc.o
                0x08001750                HAL_RCC_GetClockConfig
 .text.RCC_Delay
                0x080017b0       0x3c ./Drivers/STM32F1xx_HAL_Driver/Src/stm32f1xx_hal_rcc.o
 .text.HAL_TIM_Base_Init
                0x080017ec       0x9e ./Drivers/STM32F1xx_HAL_Driver/Src/stm32f1xx_hal_tim.o
                0x080017ec                HAL_TIM_Base_Init
 .text.HAL_TIM_Base_MspInit
                0x0800188a       0x12 ./Drivers/STM32F1xx_HAL_Driver/Src/stm32f1xx_hal_tim.o
                0x0800188a                HAL_TIM_Base_MspInit
 .text.HAL_TIM_Base_Start_IT
                0x0800189c       0xa4 ./Drivers/STM32F1xx_HAL_Driver/Src/stm32f1xx_hal_tim.o
                0x0800189c                HAL_TIM_Base_Start_IT
 .text.HAL_TIM_IRQHandler
                0x08001940      0x210 ./Drivers/STM32F1xx_HAL_Driver/Src/stm32f1xx_hal_tim.o
                0x08001940                HAL_TIM_IRQHandler
 .text.HAL_TIM_OC_DelayElapsedCallback
                0x08001b50       0x12 ./Drivers/STM32F1xx_HAL_Driver/Src/stm32f1xx_hal_tim.o
                0x08001b50                HAL_TIM_OC_DelayElapsedCallback
 .text.HAL_TIM_IC_CaptureCallback
                0x08001b62       0x12 ./Drivers/STM32F1xx_HAL_Driver/Src/stm32f1xx_hal_tim.o
                0x08001b62                HAL_TIM_IC_CaptureCallback
 .text.HAL_TIM_PWM_PulseFinishedCallback
                0x08001b74       0x12 ./Drivers/STM32F1xx_HAL_Driver/Src/stm32f1xx_hal_tim.o
                0x08001b74                HAL_TIM_PWM_PulseFinishedCallback
 .text.HAL_TIM_TriggerCallback
                0x08001b86       0x12 ./Drivers/STM32F1xx_HAL_Driver/Src/stm32f1xx_hal_tim.o
                0x08001b86                HAL_TIM_TriggerCallback
 .text.TIM_Base_SetConfig
                0x08001b98       0xc4 ./Drivers/STM32F1xx_HAL_Driver/Src/stm32f1xx_hal_tim.o
                0x08001b98                TIM_Base_SetConfig
 .text.HAL_TIMEx_CommutCallback
                0x08001c5c       0x12 ./Drivers/STM32F1xx_HAL_Driver/Src/stm32f1xx_hal_tim_ex.o
                0x08001c5c                HAL_TIMEx_CommutCallback
 .text.HAL_TIMEx_BreakCallback
                0x08001c6e       0x12 ./Drivers/STM32F1xx_HAL_Driver/Src/stm32f1xx_hal_tim_ex.o
                0x08001c6e                HAL_TIMEx_BreakCallback
 .text.HAL_UART_Init
                0x08001c80       0xa0 ./Drivers/STM32F1xx_HAL_Driver/Src/stm32f1xx_hal_uart.o
                0x08001c80                HAL_UART_Init
 .text.UART_SetConfig
                0x08001d20      0x11c ./Drivers/STM32F1xx_HAL_Driver/Src/stm32f1xx_hal_uart.o
 .text.makeFreeRtosPriority
                0x08001e3c       0x2e ./Middlewares/Third_Party/FreeRTOS/Source/CMSIS_RTOS/cmsis_os.o
 .text.inHandlerMode
                0x08001e6a       0x22 ./Middlewares/Third_Party/FreeRTOS/Source/CMSIS_RTOS/cmsis_os.o
 .text.osKernelStart
                0x08001e8c        0xe ./Middlewares/Third_Party/FreeRTOS/Source/CMSIS_RTOS/cmsis_os.o
                0x08001e8c                osKernelStart
 .text.osThreadCreate
                0x08001e9a       0x98 ./Middlewares/Third_Party/FreeRTOS/Source/CMSIS_RTOS/cmsis_os.o
                0x08001e9a                osThreadCreate
 .text.osDelay  0x08001f32       0x28 ./Middlewares/Third_Party/FreeRTOS/Source/CMSIS_RTOS/cmsis_os.o
                0x08001f32                osDelay
 .text.osMutexCreate
                0x08001f5a       0x30 ./Middlewares/Third_Party/FreeRTOS/Source/CMSIS_RTOS/cmsis_os.o
                0x08001f5a                osMutexCreate
 *fill*         0x08001f8a        0x2 
 .text.osMutexWait
                0x08001f8c       0x9c ./Middlewares/Third_Party/FreeRTOS/Source/CMSIS_RTOS/cmsis_os.o
                0x08001f8c                osMutexWait
 .text.osMutexRelease
                0x08002028       0x6c ./Middlewares/Third_Party/FreeRTOS/Source/CMSIS_RTOS/cmsis_os.o
                0x08002028                osMutexRelease
 .text.osSemaphoreCreate
                0x08002094       0x64 ./Middlewares/Third_Party/FreeRTOS/Source/CMSIS_RTOS/cmsis_os.o
                0x08002094                osSemaphoreCreate
 .text.vListInitialise
                0x080020f8       0x3e ./Middlewares/Third_Party/FreeRTOS/Source/list.o
                0x080020f8                vListInitialise
 .text.vListInitialiseItem
                0x08002136       0x18 ./Middlewares/Third_Party/FreeRTOS/Source/list.o
                0x08002136                vListInitialiseItem
 .text.vListInsertEnd
                0x0800214e       0x46 ./Middlewares/Third_Party/FreeRTOS/Source/list.o
                0x0800214e                vListInsertEnd
 .text.vListInsert
                0x08002194       0x70 ./Middlewares/Third_Party/FreeRTOS/Source/list.o
                0x08002194                vListInsert
 .text.uxListRemove
                0x08002204       0x52 ./Middlewares/Third_Party/FreeRTOS/Source/list.o
                0x08002204                uxListRemove
 *fill*         0x08002256        0x2 
 .text.xQueueGenericReset
                0x08002258       0xd4 ./Middlewares/Third_Party/FreeRTOS/Source/queue.o
                0x08002258                xQueueGenericReset
 .text.xQueueGenericCreateStatic
                0x0800232c       0xf8 ./Middlewares/Third_Party/FreeRTOS/Source/queue.o
                0x0800232c                xQueueGenericCreateStatic
 .text.xQueueGenericCreate
                0x08002424       0x7e ./Middlewares/Third_Party/FreeRTOS/Source/queue.o
                0x08002424                xQueueGenericCreate
 .text.prvInitialiseNewQueue
                0x080024a2       0x3e ./Middlewares/Third_Party/FreeRTOS/Source/queue.o
 .text.prvInitialiseMutex
                0x080024e0       0x34 ./Middlewares/Third_Party/FreeRTOS/Source/queue.o
 .text.xQueueCreateMutex
                0x08002514       0x30 ./Middlewares/Third_Party/FreeRTOS/Source/queue.o
                0x08002514                xQueueCreateMutex
 .text.xQueueCreateMutexStatic
                0x08002544       0x36 ./Middlewares/Third_Party/FreeRTOS/Source/queue.o
                0x08002544                xQueueCreateMutexStatic
 *fill*         0x0800257a        0x2 
 .text.xQueueGenericSend
                0x0800257c      0x204 ./Middlewares/Third_Party/FreeRTOS/Source/queue.o
                0x0800257c                xQueueGenericSend
 .text.xQueueGiveFromISR
                0x08002780      0x120 ./Middlewares/Third_Party/FreeRTOS/Source/queue.o
                0x08002780                xQueueGiveFromISR
 .text.xQueueSemaphoreTake
                0x080028a0      0x220 ./Middlewares/Third_Party/FreeRTOS/Source/queue.o
                0x080028a0                xQueueSemaphoreTake
 .text.xQueueReceiveFromISR
                0x08002ac0      0x104 ./Middlewares/Third_Party/FreeRTOS/Source/queue.o
                0x08002ac0                xQueueReceiveFromISR
 .text.prvGetDisinheritPriorityAfterTimeout
                0x08002bc4       0x2e ./Middlewares/Third_Party/FreeRTOS/Source/queue.o
 .text.prvCopyDataToQueue
                0x08002bf2       0xd4 ./Middlewares/Third_Party/FreeRTOS/Source/queue.o
 .text.prvCopyDataFromQueue
                0x08002cc6       0x4c ./Middlewares/Third_Party/FreeRTOS/Source/queue.o
 .text.prvUnlockQueue
                0x08002d12       0xa4 ./Middlewares/Third_Party/FreeRTOS/Source/queue.o
 .text.prvIsQueueEmpty
                0x08002db6       0x2c ./Middlewares/Third_Party/FreeRTOS/Source/queue.o
 .text.prvIsQueueFull
                0x08002de2       0x30 ./Middlewares/Third_Party/FreeRTOS/Source/queue.o
 .text.xTaskCreateStatic
                0x08002e12       0xbe ./Middlewares/Third_Party/FreeRTOS/Source/tasks.o
                0x08002e12                xTaskCreateStatic
 .text.xTaskCreate
                0x08002ed0       0x8a ./Middlewares/Third_Party/FreeRTOS/Source/tasks.o
                0x08002ed0                xTaskCreate
 *fill*         0x08002f5a        0x2 
 .text.prvInitialiseNewTask
                0x08002f5c      0x130 ./Middlewares/Third_Party/FreeRTOS/Source/tasks.o
 .text.prvAddNewTaskToReadyList
                0x0800308c       0xd4 ./Middlewares/Third_Party/FreeRTOS/Source/tasks.o
 .text.vTaskDelay
                0x08003160       0x6c ./Middlewares/Third_Party/FreeRTOS/Source/tasks.o
                0x08003160                vTaskDelay
 .text.vTaskStartScheduler
                0x080031cc       0xd4 ./Middlewares/Third_Party/FreeRTOS/Source/tasks.o
                0x080031cc                vTaskStartScheduler
 .text.vTaskSuspendAll
                0x080032a0       0x1c ./Middlewares/Third_Party/FreeRTOS/Source/tasks.o
                0x080032a0                vTaskSuspendAll
 .text.xTaskResumeAll
                0x080032bc      0x13c ./Middlewares/Third_Party/FreeRTOS/Source/tasks.o
                0x080032bc                xTaskResumeAll
 .text.xTaskIncrementTick
                0x080033f8      0x17c ./Middlewares/Third_Party/FreeRTOS/Source/tasks.o
                0x080033f8                xTaskIncrementTick
 .text.vTaskSwitchContext
                0x08003574       0xc4 ./Middlewares/Third_Party/FreeRTOS/Source/tasks.o
                0x08003574                vTaskSwitchContext
 .text.vTaskPlaceOnEventList
                0x08003638       0x4c ./Middlewares/Third_Party/FreeRTOS/Source/tasks.o
                0x08003638                vTaskPlaceOnEventList
 .text.xTaskRemoveFromEventList
                0x08003684       0xc8 ./Middlewares/Third_Party/FreeRTOS/Source/tasks.o
                0x08003684                xTaskRemoveFromEventList
 .text.vTaskInternalSetTimeOutState
                0x0800374c       0x2c ./Middlewares/Third_Party/FreeRTOS/Source/tasks.o
                0x0800374c                vTaskInternalSetTimeOutState
 .text.xTaskCheckForTimeOut
                0x08003778       0xc8 ./Middlewares/Third_Party/FreeRTOS/Source/tasks.o
                0x08003778                xTaskCheckForTimeOut
 .text.vTaskMissedYield
                0x08003840       0x18 ./Middlewares/Third_Party/FreeRTOS/Source/tasks.o
                0x08003840                vTaskMissedYield
 .text.prvIdleTask
                0x08003858       0x30 ./Middlewares/Third_Party/FreeRTOS/Source/tasks.o
 .text.prvInitialiseTaskLists
                0x08003888       0x80 ./Middlewares/Third_Party/FreeRTOS/Source/tasks.o
 .text.prvCheckTasksWaitingTermination
                0x08003908       0x5c ./Middlewares/Third_Party/FreeRTOS/Source/tasks.o
 .text.prvDeleteTCB
                0x08003964       0x6a ./Middlewares/Third_Party/FreeRTOS/Source/tasks.o
 *fill*         0x080039ce        0x2 
 .text.prvResetNextTaskUnblockTime
                0x080039d0       0x48 ./Middlewares/Third_Party/FreeRTOS/Source/tasks.o
 .text.xTaskGetSchedulerState
                0x08003a18       0x3c ./Middlewares/Third_Party/FreeRTOS/Source/tasks.o
                0x08003a18                xTaskGetSchedulerState
 .text.xTaskPriorityInherit
                0x08003a54      0x10c ./Middlewares/Third_Party/FreeRTOS/Source/tasks.o
                0x08003a54                xTaskPriorityInherit
 .text.xTaskPriorityDisinherit
                0x08003b60      0x110 ./Middlewares/Third_Party/FreeRTOS/Source/tasks.o
                0x08003b60                xTaskPriorityDisinherit
 .text.vTaskPriorityDisinheritAfterTimeout
                0x08003c70      0x144 ./Middlewares/Third_Party/FreeRTOS/Source/tasks.o
                0x08003c70                vTaskPriorityDisinheritAfterTimeout
 .text.pvTaskIncrementMutexHeldCount
                0x08003db4       0x28 ./Middlewares/Third_Party/FreeRTOS/Source/tasks.o
                0x08003db4                pvTaskIncrementMutexHeldCount
 .text.prvAddCurrentTaskToDelayedList
                0x08003ddc       0xcc ./Middlewares/Third_Party/FreeRTOS/Source/tasks.o
 .text.pxPortInitialiseStack
                0x08003ea8       0x58 ./Middlewares/Third_Party/FreeRTOS/Source/portable/GCC/ARM_CM3/port.o
                0x08003ea8                pxPortInitialiseStack
 .text.prvTaskExitError
                0x08003f00       0x58 ./Middlewares/Third_Party/FreeRTOS/Source/portable/GCC/ARM_CM3/port.o
 *fill*         0x08003f58        0x8 
 .text.SVC_Handler
                0x08003f60       0x28 ./Middlewares/Third_Party/FreeRTOS/Source/portable/GCC/ARM_CM3/port.o
                0x08003f60                SVC_Handler
 .text.prvPortStartFirstTask
                0x08003f88       0x20 ./Middlewares/Third_Party/FreeRTOS/Source/portable/GCC/ARM_CM3/port.o
 .text.xPortStartScheduler
                0x08003fa8       0xe4 ./Middlewares/Third_Party/FreeRTOS/Source/portable/GCC/ARM_CM3/port.o
                0x08003fa8                xPortStartScheduler
 .text.vPortEnterCritical
                0x0800408c       0x60 ./Middlewares/Third_Party/FreeRTOS/Source/portable/GCC/ARM_CM3/port.o
                0x0800408c                vPortEnterCritical
 .text.vPortExitCritical
                0x080040ec       0x54 ./Middlewares/Third_Party/FreeRTOS/Source/portable/GCC/ARM_CM3/port.o
                0x080040ec                vPortExitCritical
 .text.PendSV_Handler
                0x08004140       0x48 ./Middlewares/Third_Party/FreeRTOS/Source/portable/GCC/ARM_CM3/port.o
                0x08004140                PendSV_Handler
 .text.SysTick_Handler
                0x08004188       0x44 ./Middlewares/Third_Party/FreeRTOS/Source/portable/GCC/ARM_CM3/port.o
                0x08004188                SysTick_Handler
 .text.vPortSetupTimerInterrupt
                0x080041cc       0x44 ./Middlewares/Third_Party/FreeRTOS/Source/portable/GCC/ARM_CM3/port.o
                0x080041cc                vPortSetupTimerInterrupt
 .text.vPortValidateInterruptPriority
                0x08004210       0x80 ./Middlewares/Third_Party/FreeRTOS/Source/portable/GCC/ARM_CM3/port.o
                0x08004210                vPortValidateInterruptPriority
 .text.pvPortMalloc
                0x08004290      0x190 ./Middlewares/Third_Party/FreeRTOS/Source/portable/MemMang/heap_4.o
                0x08004290                pvPortMalloc
 .text.vPortFree
                0x08004420       0xb8 ./Middlewares/Third_Party/FreeRTOS/Source/portable/MemMang/heap_4.o
                0x08004420                vPortFree
 .text.prvHeapInit
                0x080044d8       0xc4 ./Middlewares/Third_Party/FreeRTOS/Source/portable/MemMang/heap_4.o
 .text.prvInsertBlockIntoFreeList
                0x0800459c       0xb0 ./Middlewares/Third_Party/FreeRTOS/Source/portable/MemMang/heap_4.o
 .text.std      0x0800464c       0x6c /Applications/STM32CubeIDE.app/Contents/Eclipse/plugins/com.st.stm32cube.ide.mcu.externaltools.gnu-tools-for-stm32.12.3.rel1.macos64_1.0.100.202403111906/tools/bin/../lib/gcc/arm-none-eabi/12.3.1/../../../../arm-none-eabi/lib/thumb/v7-m/nofp/libc_nano.a(libc_a-findfp.o)
 .text.stdio_exit_handler
                0x080046b8       0x18 /Applications/STM32CubeIDE.app/Contents/Eclipse/plugins/com.st.stm32cube.ide.mcu.externaltools.gnu-tools-for-stm32.12.3.rel1.macos64_1.0.100.202403111906/tools/bin/../lib/gcc/arm-none-eabi/12.3.1/../../../../arm-none-eabi/lib/thumb/v7-m/nofp/libc_nano.a(libc_a-findfp.o)
 .text.cleanup_stdio
                0x080046d0       0x40 /Applications/STM32CubeIDE.app/Contents/Eclipse/plugins/com.st.stm32cube.ide.mcu.externaltools.gnu-tools-for-stm32.12.3.rel1.macos64_1.0.100.202403111906/tools/bin/../lib/gcc/arm-none-eabi/12.3.1/../../../../arm-none-eabi/lib/thumb/v7-m/nofp/libc_nano.a(libc_a-findfp.o)
 .text.global_stdio_init.part.0
                0x08004710       0x3c /Applications/STM32CubeIDE.app/Contents/Eclipse/plugins/com.st.stm32cube.ide.mcu.externaltools.gnu-tools-for-stm32.12.3.rel1.macos64_1.0.100.202403111906/tools/bin/../lib/gcc/arm-none-eabi/12.3.1/../../../../arm-none-eabi/lib/thumb/v7-m/nofp/libc_nano.a(libc_a-findfp.o)
 .text.__sfp_lock_acquire
                0x0800474c        0xc /Applications/STM32CubeIDE.app/Contents/Eclipse/plugins/com.st.stm32cube.ide.mcu.externaltools.gnu-tools-for-stm32.12.3.rel1.macos64_1.0.100.202403111906/tools/bin/../lib/gcc/arm-none-eabi/12.3.1/../../../../arm-none-eabi/lib/thumb/v7-m/nofp/libc_nano.a(libc_a-findfp.o)
                0x0800474c                __sfp_lock_acquire
 .text.__sfp_lock_release
                0x08004758        0xc /Applications/STM32CubeIDE.app/Contents/Eclipse/plugins/com.st.stm32cube.ide.mcu.externaltools.gnu-tools-for-stm32.12.3.rel1.macos64_1.0.100.202403111906/tools/bin/../lib/gcc/arm-none-eabi/12.3.1/../../../../arm-none-eabi/lib/thumb/v7-m/nofp/libc_nano.a(libc_a-findfp.o)
                0x08004758                __sfp_lock_release
 .text.__sinit  0x08004764       0x30 /Applications/STM32CubeIDE.app/Contents/Eclipse/plugins/com.st.stm32cube.ide.mcu.externaltools.gnu-tools-for-stm32.12.3.rel1.macos64_1.0.100.202403111906/tools/bin/../lib/gcc/arm-none-eabi/12.3.1/../../../../arm-none-eabi/lib/thumb/v7-m/nofp/libc_nano.a(libc_a-findfp.o)
                0x08004764                __sinit
 .text._fwalk_sglue
                0x08004794       0x3c /Applications/STM32CubeIDE.app/Contents/Eclipse/plugins/com.st.stm32cube.ide.mcu.externaltools.gnu-tools-for-stm32.12.3.rel1.macos64_1.0.100.202403111906/tools/bin/../lib/gcc/arm-none-eabi/12.3.1/../../../../arm-none-eabi/lib/thumb/v7-m/nofp/libc_nano.a(libc_a-fwalk.o)
                0x08004794                _fwalk_sglue
 .text._puts_r  0x080047d0       0xaa /Applications/STM32CubeIDE.app/Contents/Eclipse/plugins/com.st.stm32cube.ide.mcu.externaltools.gnu-tools-for-stm32.12.3.rel1.macos64_1.0.100.202403111906/tools/bin/../lib/gcc/arm-none-eabi/12.3.1/../../../../arm-none-eabi/lib/thumb/v7-m/nofp/libc_nano.a(libc_a-puts.o)
                0x080047d0                _puts_r
 *fill*         0x0800487a        0x2 
 .text.puts     0x0800487c       0x10 /Applications/STM32CubeIDE.app/Contents/Eclipse/plugins/com.st.stm32cube.ide.mcu.externaltools.gnu-tools-for-stm32.12.3.rel1.macos64_1.0.100.202403111906/tools/bin/../lib/gcc/arm-none-eabi/12.3.1/../../../../arm-none-eabi/lib/thumb/v7-m/nofp/libc_nano.a(libc_a-puts.o)
                0x0800487c                puts
 .text.memset   0x0800488c       0x10 /Applications/STM32CubeIDE.app/Contents/Eclipse/plugins/com.st.stm32cube.ide.mcu.externaltools.gnu-tools-for-stm32.12.3.rel1.macos64_1.0.100.202403111906/tools/bin/../lib/gcc/arm-none-eabi/12.3.1/../../../../arm-none-eabi/lib/thumb/v7-m/nofp/libc_nano.a(libc_a-memset.o)
                0x0800488c                memset
 .text._reclaim_reent
                0x0800489c       0xac /Applications/STM32CubeIDE.app/Contents/Eclipse/plugins/com.st.stm32cube.ide.mcu.externaltools.gnu-tools-for-stm32.12.3.rel1.macos64_1.0.100.202403111906/tools/bin/../lib/gcc/arm-none-eabi/12.3.1/../../../../arm-none-eabi/lib/thumb/v7-m/nofp/libc_nano.a(libc_a-reent.o)
                0x0800489c                _reclaim_reent
 .text.__errno  0x08004948        0xc /Applications/STM32CubeIDE.app/Contents/Eclipse/plugins/com.st.stm32cube.ide.mcu.externaltools.gnu-tools-for-stm32.12.3.rel1.macos64_1.0.100.202403111906/tools/bin/../lib/gcc/arm-none-eabi/12.3.1/../../../../arm-none-eabi/lib/thumb/v7-m/nofp/libc_nano.a(libc_a-errno.o)
                0x08004948                __errno
 .text.__libc_init_array
                0x08004954       0x48 /Applications/STM32CubeIDE.app/Contents/Eclipse/plugins/com.st.stm32cube.ide.mcu.externaltools.gnu-tools-for-stm32.12.3.rel1.macos64_1.0.100.202403111906/tools/bin/../lib/gcc/arm-none-eabi/12.3.1/../../../../arm-none-eabi/lib/thumb/v7-m/nofp/libc_nano.a(libc_a-init.o)
                0x08004954                __libc_init_array
 .text.__retarget_lock_init_recursive
                0x0800499c        0x2 /Applications/STM32CubeIDE.app/Contents/Eclipse/plugins/com.st.stm32cube.ide.mcu.externaltools.gnu-tools-for-stm32.12.3.rel1.macos64_1.0.100.202403111906/tools/bin/../lib/gcc/arm-none-eabi/12.3.1/../../../../arm-none-eabi/lib/thumb/v7-m/nofp/libc_nano.a(libc_a-lock.o)
                0x0800499c                __retarget_lock_init_recursive
 .text.__retarget_lock_acquire_recursive
                0x0800499e        0x2 /Applications/STM32CubeIDE.app/Contents/Eclipse/plugins/com.st.stm32cube.ide.mcu.externaltools.gnu-tools-for-stm32.12.3.rel1.macos64_1.0.100.202403111906/tools/bin/../lib/gcc/arm-none-eabi/12.3.1/../../../../arm-none-eabi/lib/thumb/v7-m/nofp/libc_nano.a(libc_a-lock.o)
                0x0800499e                __retarget_lock_acquire_recursive
 .text.__retarget_lock_release_recursive
                0x080049a0        0x2 /Applications/STM32CubeIDE.app/Contents/Eclipse/plugins/com.st.stm32cube.ide.mcu.externaltools.gnu-tools-for-stm32.12.3.rel1.macos64_1.0.100.202403111906/tools/bin/../lib/gcc/arm-none-eabi/12.3.1/../../../../arm-none-eabi/lib/thumb/v7-m/nofp/libc_nano.a(libc_a-lock.o)
                0x080049a0                __retarget_lock_release_recursive
 .text.memcpy   0x080049a2       0x1c /Applications/STM32CubeIDE.app/Contents/Eclipse/plugins/com.st.stm32cube.ide.mcu.externaltools.gnu-tools-for-stm32.12.3.rel1.macos64_1.0.100.202403111906/tools/bin/../lib/gcc/arm-none-eabi/12.3.1/../../../../arm-none-eabi/lib/thumb/v7-m/nofp/libc_nano.a(libc_a-memcpy-stub.o)
                0x080049a2                memcpy
 *fill*         0x080049be        0x2 
 .text._free_r  0x080049c0       0x90 /Applications/STM32CubeIDE.app/Contents/Eclipse/plugins/com.st.stm32cube.ide.mcu.externaltools.gnu-tools-for-stm32.12.3.rel1.macos64_1.0.100.202403111906/tools/bin/../lib/gcc/arm-none-eabi/12.3.1/../../../../arm-none-eabi/lib/thumb/v7-m/nofp/libc_nano.a(libc_a-freer.o)
                0x080049c0                _free_r
 .text.sbrk_aligned
                0x08004a50       0x44 /Applications/STM32CubeIDE.app/Contents/Eclipse/plugins/com.st.stm32cube.ide.mcu.externaltools.gnu-tools-for-stm32.12.3.rel1.macos64_1.0.100.202403111906/tools/bin/../lib/gcc/arm-none-eabi/12.3.1/../../../../arm-none-eabi/lib/thumb/v7-m/nofp/libc_nano.a(libc_a-mallocr.o)
 .text._malloc_r
                0x08004a94      0x100 /Applications/STM32CubeIDE.app/Contents/Eclipse/plugins/com.st.stm32cube.ide.mcu.externaltools.gnu-tools-for-stm32.12.3.rel1.macos64_1.0.100.202403111906/tools/bin/../lib/gcc/arm-none-eabi/12.3.1/../../../../arm-none-eabi/lib/thumb/v7-m/nofp/libc_nano.a(libc_a-mallocr.o)
                0x08004a94                _malloc_r
 .text.__sflush_r
                0x08004b94      0x100 /Applications/STM32CubeIDE.app/Contents/Eclipse/plugins/com.st.stm32cube.ide.mcu.externaltools.gnu-tools-for-stm32.12.3.rel1.macos64_1.0.100.202403111906/tools/bin/../lib/gcc/arm-none-eabi/12.3.1/../../../../arm-none-eabi/lib/thumb/v7-m/nofp/libc_nano.a(libc_a-fflush.o)
                0x08004b94                __sflush_r
 .text._fflush_r
                0x08004c94       0x50 /Applications/STM32CubeIDE.app/Contents/Eclipse/plugins/com.st.stm32cube.ide.mcu.externaltools.gnu-tools-for-stm32.12.3.rel1.macos64_1.0.100.202403111906/tools/bin/../lib/gcc/arm-none-eabi/12.3.1/../../../../arm-none-eabi/lib/thumb/v7-m/nofp/libc_nano.a(libc_a-fflush.o)
                0x08004c94                _fflush_r
 .text.__malloc_lock
                0x08004ce4        0xc /Applications/STM32CubeIDE.app/Contents/Eclipse/plugins/com.st.stm32cube.ide.mcu.externaltools.gnu-tools-for-stm32.12.3.rel1.macos64_1.0.100.202403111906/tools/bin/../lib/gcc/arm-none-eabi/12.3.1/../../../../arm-none-eabi/lib/thumb/v7-m/nofp/libc_nano.a(libc_a-mlock.o)
                0x08004ce4                __malloc_lock
 .text.__malloc_unlock
                0x08004cf0        0xc /Applications/STM32CubeIDE.app/Contents/Eclipse/plugins/com.st.stm32cube.ide.mcu.externaltools.gnu-tools-for-stm32.12.3.rel1.macos64_1.0.100.202403111906/tools/bin/../lib/gcc/arm-none-eabi/12.3.1/../../../../arm-none-eabi/lib/thumb/v7-m/nofp/libc_nano.a(libc_a-mlock.o)
                0x08004cf0                __malloc_unlock
 .text.__sread  0x08004cfc       0x22 /Applications/STM32CubeIDE.app/Contents/Eclipse/plugins/com.st.stm32cube.ide.mcu.externaltools.gnu-tools-for-stm32.12.3.rel1.macos64_1.0.100.202403111906/tools/bin/../lib/gcc/arm-none-eabi/12.3.1/../../../../arm-none-eabi/lib/thumb/v7-m/nofp/libc_nano.a(libc_a-stdio.o)
                0x08004cfc                __sread
 .text.__swrite
                0x08004d1e       0x38 /Applications/STM32CubeIDE.app/Contents/Eclipse/plugins/com.st.stm32cube.ide.mcu.externaltools.gnu-tools-for-stm32.12.3.rel1.macos64_1.0.100.202403111906/tools/bin/../lib/gcc/arm-none-eabi/12.3.1/../../../../arm-none-eabi/lib/thumb/v7-m/nofp/libc_nano.a(libc_a-stdio.o)
                0x08004d1e                __swrite
 .text.__sseek  0x08004d56       0x24 /Applications/STM32CubeIDE.app/Contents/Eclipse/plugins/com.st.stm32cube.ide.mcu.externaltools.gnu-tools-for-stm32.12.3.rel1.macos64_1.0.100.202403111906/tools/bin/../lib/gcc/arm-none-eabi/12.3.1/../../../../arm-none-eabi/lib/thumb/v7-m/nofp/libc_nano.a(libc_a-stdio.o)
                0x08004d56                __sseek
 .text.__sclose
                0x08004d7a        0x8 /Applications/STM32CubeIDE.app/Contents/Eclipse/plugins/com.st.stm32cube.ide.mcu.externaltools.gnu-tools-for-stm32.12.3.rel1.macos64_1.0.100.202403111906/tools/bin/../lib/gcc/arm-none-eabi/12.3.1/../../../../arm-none-eabi/lib/thumb/v7-m/nofp/libc_nano.a(libc_a-stdio.o)
                0x08004d7a                __sclose
 .text.__swbuf_r
                0x08004d82       0x7c /Applications/STM32CubeIDE.app/Contents/Eclipse/plugins/com.st.stm32cube.ide.mcu.externaltools.gnu-tools-for-stm32.12.3.rel1.macos64_1.0.100.202403111906/tools/bin/../lib/gcc/arm-none-eabi/12.3.1/../../../../arm-none-eabi/lib/thumb/v7-m/nofp/libc_nano.a(libc_a-wbuf.o)
                0x08004d82                __swbuf_r
 *fill*         0x08004dfe        0x2 
 .text.__swsetup_r
                0x08004e00       0xac /Applications/STM32CubeIDE.app/Contents/Eclipse/plugins/com.st.stm32cube.ide.mcu.externaltools.gnu-tools-for-stm32.12.3.rel1.macos64_1.0.100.202403111906/tools/bin/../lib/gcc/arm-none-eabi/12.3.1/../../../../arm-none-eabi/lib/thumb/v7-m/nofp/libc_nano.a(libc_a-wsetup.o)
                0x08004e00                __swsetup_r
 .text.__swhatbuf_r
                0x08004eac       0x4a /Applications/STM32CubeIDE.app/Contents/Eclipse/plugins/com.st.stm32cube.ide.mcu.externaltools.gnu-tools-for-stm32.12.3.rel1.macos64_1.0.100.202403111906/tools/bin/../lib/gcc/arm-none-eabi/12.3.1/../../../../arm-none-eabi/lib/thumb/v7-m/nofp/libc_nano.a(libc_a-makebuf.o)
                0x08004eac                __swhatbuf_r
 .text.__smakebuf_r
                0x08004ef6       0x78 /Applications/STM32CubeIDE.app/Contents/Eclipse/plugins/com.st.stm32cube.ide.mcu.externaltools.gnu-tools-for-stm32.12.3.rel1.macos64_1.0.100.202403111906/tools/bin/../lib/gcc/arm-none-eabi/12.3.1/../../../../arm-none-eabi/lib/thumb/v7-m/nofp/libc_nano.a(libc_a-makebuf.o)
                0x08004ef6                __smakebuf_r
 *fill*         0x08004f6e        0x2 
 .text._close_r
                0x08004f70       0x20 /Applications/STM32CubeIDE.app/Contents/Eclipse/plugins/com.st.stm32cube.ide.mcu.externaltools.gnu-tools-for-stm32.12.3.rel1.macos64_1.0.100.202403111906/tools/bin/../lib/gcc/arm-none-eabi/12.3.1/../../../../arm-none-eabi/lib/thumb/v7-m/nofp/libc_nano.a(libc_a-closer.o)
                0x08004f70                _close_r
 .text._fstat_r
                0x08004f90       0x24 /Applications/STM32CubeIDE.app/Contents/Eclipse/plugins/com.st.stm32cube.ide.mcu.externaltools.gnu-tools-for-stm32.12.3.rel1.macos64_1.0.100.202403111906/tools/bin/../lib/gcc/arm-none-eabi/12.3.1/../../../../arm-none-eabi/lib/thumb/v7-m/nofp/libc_nano.a(libc_a-fstatr.o)
                0x08004f90                _fstat_r
 .text._isatty_r
                0x08004fb4       0x20 /Applications/STM32CubeIDE.app/Contents/Eclipse/plugins/com.st.stm32cube.ide.mcu.externaltools.gnu-tools-for-stm32.12.3.rel1.macos64_1.0.100.202403111906/tools/bin/../lib/gcc/arm-none-eabi/12.3.1/../../../../arm-none-eabi/lib/thumb/v7-m/nofp/libc_nano.a(libc_a-isattyr.o)
                0x08004fb4                _isatty_r
 .text._lseek_r
                0x08004fd4       0x24 /Applications/STM32CubeIDE.app/Contents/Eclipse/plugins/com.st.stm32cube.ide.mcu.externaltools.gnu-tools-for-stm32.12.3.rel1.macos64_1.0.100.202403111906/tools/bin/../lib/gcc/arm-none-eabi/12.3.1/../../../../arm-none-eabi/lib/thumb/v7-m/nofp/libc_nano.a(libc_a-lseekr.o)
                0x08004fd4                _lseek_r
 .text._read_r  0x08004ff8       0x24 /Applications/STM32CubeIDE.app/Contents/Eclipse/plugins/com.st.stm32cube.ide.mcu.externaltools.gnu-tools-for-stm32.12.3.rel1.macos64_1.0.100.202403111906/tools/bin/../lib/gcc/arm-none-eabi/12.3.1/../../../../arm-none-eabi/lib/thumb/v7-m/nofp/libc_nano.a(libc_a-readr.o)
                0x08004ff8                _read_r
 .text._sbrk_r  0x0800501c       0x20 /Applications/STM32CubeIDE.app/Contents/Eclipse/plugins/com.st.stm32cube.ide.mcu.externaltools.gnu-tools-for-stm32.12.3.rel1.macos64_1.0.100.202403111906/tools/bin/../lib/gcc/arm-none-eabi/12.3.1/../../../../arm-none-eabi/lib/thumb/v7-m/nofp/libc_nano.a(libc_a-sbrkr.o)
                0x0800501c                _sbrk_r
 .text._write_r
                0x0800503c       0x24 /Applications/STM32CubeIDE.app/Contents/Eclipse/plugins/com.st.stm32cube.ide.mcu.externaltools.gnu-tools-for-stm32.12.3.rel1.macos64_1.0.100.202403111906/tools/bin/../lib/gcc/arm-none-eabi/12.3.1/../../../../arm-none-eabi/lib/thumb/v7-m/nofp/libc_nano.a(libc_a-writer.o)
                0x0800503c                _write_r
 *(.glue_7)
 .glue_7        0x08005060        0x0 linker stubs
 *(.glue_7t)
 .glue_7t       0x08005060        0x0 linker stubs
 *(.eh_frame)
 .eh_frame      0x08005060        0x0 /Applications/STM32CubeIDE.app/Contents/Eclipse/plugins/com.st.stm32cube.ide.mcu.externaltools.gnu-tools-for-stm32.12.3.rel1.macos64_1.0.100.202403111906/tools/bin/../lib/gcc/arm-none-eabi/12.3.1/thumb/v7-m/nofp/crtbegin.o
 *(.init)
 .init          0x08005060        0x4 /Applications/STM32CubeIDE.app/Contents/Eclipse/plugins/com.st.stm32cube.ide.mcu.externaltools.gnu-tools-for-stm32.12.3.rel1.macos64_1.0.100.202403111906/tools/bin/../lib/gcc/arm-none-eabi/12.3.1/thumb/v7-m/nofp/crti.o
                0x08005060                _init
 .init          0x08005064        0x8 /Applications/STM32CubeIDE.app/Contents/Eclipse/plugins/com.st.stm32cube.ide.mcu.externaltools.gnu-tools-for-stm32.12.3.rel1.macos64_1.0.100.202403111906/tools/bin/../lib/gcc/arm-none-eabi/12.3.1/thumb/v7-m/nofp/crtn.o
 *(.fini)
 .fini          0x0800506c        0x4 /Applications/STM32CubeIDE.app/Contents/Eclipse/plugins/com.st.stm32cube.ide.mcu.externaltools.gnu-tools-for-stm32.12.3.rel1.macos64_1.0.100.202403111906/tools/bin/../lib/gcc/arm-none-eabi/12.3.1/thumb/v7-m/nofp/crti.o
                0x0800506c                _fini
 .fini          0x08005070        0x8 /Applications/STM32CubeIDE.app/Contents/Eclipse/plugins/com.st.stm32cube.ide.mcu.externaltools.gnu-tools-for-stm32.12.3.rel1.macos64_1.0.100.202403111906/tools/bin/../lib/gcc/arm-none-eabi/12.3.1/thumb/v7-m/nofp/crtn.o
                0x08005078                        . = ALIGN (0x4)
                0x08005078                        _etext = .

.vfp11_veneer   0x08005078        0x0
 .vfp11_veneer  0x08005078        0x0 linker stubs

.v4_bx          0x08005078        0x0
 .v4_bx         0x08005078        0x0 linker stubs

.iplt           0x08005078        0x0
 .iplt          0x08005078        0x0 /Applications/STM32CubeIDE.app/Contents/Eclipse/plugins/com.st.stm32cube.ide.mcu.externaltools.gnu-tools-for-stm32.12.3.rel1.macos64_1.0.100.202403111906/tools/bin/../lib/gcc/arm-none-eabi/12.3.1/thumb/v7-m/nofp/crtbegin.o

.rodata         0x08005078      0x2f4
                0x08005078                        . = ALIGN (0x4)
 *(.rodata)
 .rodata        0x08005078      0x2c0 ./Core/Src/main.o
 .rodata        0x08005338        0x5 ./Middlewares/Third_Party/FreeRTOS/Source/tasks.o
 *(.rodata*)
 *fill*         0x0800533d        0x3 
 .rodata.AHBPrescTable
                0x08005340       0x10 ./Core/Src/system_stm32f1xx.o
                0x08005340                AHBPrescTable
 .rodata.APBPrescTable
                0x08005350        0x8 ./Core/Src/system_stm32f1xx.o
                0x08005350                APBPrescTable
 .rodata.aPLLMULFactorTable.1
                0x08005358       0x10 ./Drivers/STM32F1xx_HAL_Driver/Src/stm32f1xx_hal_rcc.o
 .rodata.aPredivFactorTable.0
                0x08005368        0x2 ./Drivers/STM32F1xx_HAL_Driver/Src/stm32f1xx_hal_rcc.o
                0x0800536c                        . = ALIGN (0x4)
 *fill*         0x0800536a        0x2 

.ARM.extab      0x0800536c        0x0
                0x0800536c                        . = ALIGN (0x4)
 *(.ARM.extab* .gnu.linkonce.armextab.*)
                0x0800536c                        . = ALIGN (0x4)

.ARM            0x0800536c        0x0
                0x0800536c                        . = ALIGN (0x4)
                0x0800536c                        __exidx_start = .
 *(.ARM.exidx*)
                0x0800536c                        __exidx_end = .
                0x0800536c                        . = ALIGN (0x4)

.preinit_array  0x0800536c        0x0
                0x0800536c                        . = ALIGN (0x4)
                0x0800536c                        PROVIDE (__preinit_array_start = .)
 *(.preinit_array*)
                0x0800536c                        PROVIDE (__preinit_array_end = .)
                0x0800536c                        . = ALIGN (0x4)

.init_array     0x0800536c        0x4
                0x0800536c                        . = ALIGN (0x4)
                0x0800536c                        PROVIDE (__init_array_start = .)
 *(SORT_BY_NAME(.init_array.*))
 *(.init_array*)
 .init_array    0x0800536c        0x4 /Applications/STM32CubeIDE.app/Contents/Eclipse/plugins/com.st.stm32cube.ide.mcu.externaltools.gnu-tools-for-stm32.12.3.rel1.macos64_1.0.100.202403111906/tools/bin/../lib/gcc/arm-none-eabi/12.3.1/thumb/v7-m/nofp/crtbegin.o
                0x08005370                        PROVIDE (__init_array_end = .)
                0x08005370                        . = ALIGN (0x4)

.fini_array     0x08005370        0x4
                0x08005370                        . = ALIGN (0x4)
                [!provide]                        PROVIDE (__fini_array_start = .)
 *(SORT_BY_NAME(.fini_array.*))
 *(.fini_array*)
 .fini_array    0x08005370        0x4 /Applications/STM32CubeIDE.app/Contents/Eclipse/plugins/com.st.stm32cube.ide.mcu.externaltools.gnu-tools-for-stm32.12.3.rel1.macos64_1.0.100.202403111906/tools/bin/../lib/gcc/arm-none-eabi/12.3.1/thumb/v7-m/nofp/crtbegin.o
                [!provide]                        PROVIDE (__fini_array_end = .)
                0x08005374                        . = ALIGN (0x4)
                0x08005374                        _sidata = LOADADDR (.data)

.rel.dyn        0x08005374        0x0
 .rel.iplt      0x08005374        0x0 /Applications/STM32CubeIDE.app/Contents/Eclipse/plugins/com.st.stm32cube.ide.mcu.externaltools.gnu-tools-for-stm32.12.3.rel1.macos64_1.0.100.202403111906/tools/bin/../lib/gcc/arm-none-eabi/12.3.1/thumb/v7-m/nofp/crtbegin.o

.data           0x20000000       0x6c load address 0x08005374
                0x20000000                        . = ALIGN (0x4)
                0x20000000                        _sdata = .
 *(.data)
 *(.data*)
 .data.SystemCoreClock
                0x20000000        0x4 ./Core/Src/system_stm32f1xx.o
                0x20000000                SystemCoreClock
 .data.uwTickPrio
                0x20000004        0x4 ./Drivers/STM32F1xx_HAL_Driver/Src/stm32f1xx_hal.o
                0x20000004                uwTickPrio
 .data.uwTickFreq
                0x20000008        0x1 ./Drivers/STM32F1xx_HAL_Driver/Src/stm32f1xx_hal.o
                0x20000008                uwTickFreq
 *fill*         0x20000009        0x3 
 .data.uxCriticalNesting
                0x2000000c        0x4 ./Middlewares/Third_Party/FreeRTOS/Source/portable/GCC/ARM_CM3/port.o
 .data.__sglue  0x20000010        0xc /Applications/STM32CubeIDE.app/Contents/Eclipse/plugins/com.st.stm32cube.ide.mcu.externaltools.gnu-tools-for-stm32.12.3.rel1.macos64_1.0.100.202403111906/tools/bin/../lib/gcc/arm-none-eabi/12.3.1/../../../../arm-none-eabi/lib/thumb/v7-m/nofp/libc_nano.a(libc_a-findfp.o)
                0x20000010                __sglue
 .data._impure_ptr
                0x2000001c        0x4 /Applications/STM32CubeIDE.app/Contents/Eclipse/plugins/com.st.stm32cube.ide.mcu.externaltools.gnu-tools-for-stm32.12.3.rel1.macos64_1.0.100.202403111906/tools/bin/../lib/gcc/arm-none-eabi/12.3.1/../../../../arm-none-eabi/lib/thumb/v7-m/nofp/libc_nano.a(libc_a-impure.o)
                0x2000001c                _impure_ptr
 .data._impure_data
                0x20000020       0x4c /Applications/STM32CubeIDE.app/Contents/Eclipse/plugins/com.st.stm32cube.ide.mcu.externaltools.gnu-tools-for-stm32.12.3.rel1.macos64_1.0.100.202403111906/tools/bin/../lib/gcc/arm-none-eabi/12.3.1/../../../../arm-none-eabi/lib/thumb/v7-m/nofp/libc_nano.a(libc_a-impure.o)
                0x20000020                _impure_data
 *(.RamFunc)
 *(.RamFunc*)
                0x2000006c                        . = ALIGN (0x4)
                0x2000006c                        _edata = .

.igot.plt       0x2000006c        0x0 load address 0x080053e0
 .igot.plt      0x2000006c        0x0 /Applications/STM32CubeIDE.app/Contents/Eclipse/plugins/com.st.stm32cube.ide.mcu.externaltools.gnu-tools-for-stm32.12.3.rel1.macos64_1.0.100.202403111906/tools/bin/../lib/gcc/arm-none-eabi/12.3.1/thumb/v7-m/nofp/crtbegin.o
                0x2000006c                        . = ALIGN (0x4)

.bss            0x2000006c     0x1610 load address 0x080053e0
                0x2000006c                        _sbss = .
                0x2000006c                        __bss_start__ = _sbss
 *(.bss)
 .bss           0x2000006c       0x1c /Applications/STM32CubeIDE.app/Contents/Eclipse/plugins/com.st.stm32cube.ide.mcu.externaltools.gnu-tools-for-stm32.12.3.rel1.macos64_1.0.100.202403111906/tools/bin/../lib/gcc/arm-none-eabi/12.3.1/thumb/v7-m/nofp/crtbegin.o
 *(.bss*)
 .bss.xIdleTaskTCBBuffer
                0x20000088       0xa0 ./Core/Src/freertos.o
 .bss.xIdleStack
                0x20000128      0x200 ./Core/Src/freertos.o
 .bss.huart1    0x20000328       0x48 ./Core/Src/main.o
                0x20000328                huart1
 .bss.defaultTaskHandle
                0x20000370        0x4 ./Core/Src/main.o
                0x20000370                defaultTaskHandle
 .bss.Task1Handle
                0x20000374        0x4 ./Core/Src/main.o
                0x20000374                Task1Handle
 .bss.Task2Handle
                0x20000378        0x4 ./Core/Src/main.o
                0x20000378                Task2Handle
 .bss.myMutex01Handle
                0x2000037c        0x4 ./Core/Src/main.o
                0x2000037c                myMutex01Handle
 .bss.myMutex02Handle
                0x20000380        0x4 ./Core/Src/main.o
                0x20000380                myMutex02Handle
 .bss.MutexXHandle
                0x20000384        0x4 ./Core/Src/main.o
                0x20000384                MutexXHandle
 .bss.MutexYHandle
                0x20000388        0x4 ./Core/Src/main.o
                0x20000388                MutexYHandle
 .bss.BinarySem1Handle
                0x2000038c        0x4 ./Core/Src/main.o
                0x2000038c                BinarySem1Handle
 .bss.BinarySem2Handle
                0x20000390        0x4 ./Core/Src/main.o
                0x20000390                BinarySem2Handle
 .bss.htim4     0x20000394       0x48 ./Core/Src/stm32f1xx_hal_timebase_tim.o
                0x20000394                htim4
 .bss.__sbrk_heap_end
                0x200003dc        0x4 ./Core/Src/sysmem.o
 .bss.uwTick    0x200003e0        0x4 ./Drivers/STM32F1xx_HAL_Driver/Src/stm32f1xx_hal.o
                0x200003e0                uwTick
 .bss.pxCurrentTCB
                0x200003e4        0x4 ./Middlewares/Third_Party/FreeRTOS/Source/tasks.o
                0x200003e4                pxCurrentTCB
 .bss.pxReadyTasksLists
                0x200003e8       0x8c ./Middlewares/Third_Party/FreeRTOS/Source/tasks.o
 .bss.xDelayedTaskList1
                0x20000474       0x14 ./Middlewares/Third_Party/FreeRTOS/Source/tasks.o
 .bss.xDelayedTaskList2
                0x20000488       0x14 ./Middlewares/Third_Party/FreeRTOS/Source/tasks.o
 .bss.pxDelayedTaskList
                0x2000049c        0x4 ./Middlewares/Third_Party/FreeRTOS/Source/tasks.o
 .bss.pxOverflowDelayedTaskList
                0x200004a0        0x4 ./Middlewares/Third_Party/FreeRTOS/Source/tasks.o
 .bss.xPendingReadyList
                0x200004a4       0x14 ./Middlewares/Third_Party/FreeRTOS/Source/tasks.o
 .bss.xTasksWaitingTermination
                0x200004b8       0x14 ./Middlewares/Third_Party/FreeRTOS/Source/tasks.o
 .bss.uxDeletedTasksWaitingCleanUp
                0x200004cc        0x4 ./Middlewares/Third_Party/FreeRTOS/Source/tasks.o
 .bss.xSuspendedTaskList
                0x200004d0       0x14 ./Middlewares/Third_Party/FreeRTOS/Source/tasks.o
 .bss.uxCurrentNumberOfTasks
                0x200004e4        0x4 ./Middlewares/Third_Party/FreeRTOS/Source/tasks.o
 .bss.xTickCount
                0x200004e8        0x4 ./Middlewares/Third_Party/FreeRTOS/Source/tasks.o
 .bss.uxTopReadyPriority
                0x200004ec        0x4 ./Middlewares/Third_Party/FreeRTOS/Source/tasks.o
 .bss.xSchedulerRunning
                0x200004f0        0x4 ./Middlewares/Third_Party/FreeRTOS/Source/tasks.o
 .bss.uxPendedTicks
                0x200004f4        0x4 ./Middlewares/Third_Party/FreeRTOS/Source/tasks.o
 .bss.xYieldPending
                0x200004f8        0x4 ./Middlewares/Third_Party/FreeRTOS/Source/tasks.o
 .bss.xNumOfOverflows
                0x200004fc        0x4 ./Middlewares/Third_Party/FreeRTOS/Source/tasks.o
 .bss.uxTaskNumber
                0x20000500        0x4 ./Middlewares/Third_Party/FreeRTOS/Source/tasks.o
 .bss.xNextTaskUnblockTime
                0x20000504        0x4 ./Middlewares/Third_Party/FreeRTOS/Source/tasks.o
 .bss.xIdleTaskHandle
                0x20000508        0x4 ./Middlewares/Third_Party/FreeRTOS/Source/tasks.o
 .bss.uxSchedulerSuspended
                0x2000050c        0x4 ./Middlewares/Third_Party/FreeRTOS/Source/tasks.o
 .bss.ucMaxSysCallPriority
                0x20000510        0x1 ./Middlewares/Third_Party/FreeRTOS/Source/portable/GCC/ARM_CM3/port.o
 *fill*         0x20000511        0x3 
 .bss.ulMaxPRIGROUPValue
                0x20000514        0x4 ./Middlewares/Third_Party/FreeRTOS/Source/portable/GCC/ARM_CM3/port.o
 .bss.ucHeap    0x20000518     0x1000 ./Middlewares/Third_Party/FreeRTOS/Source/portable/MemMang/heap_4.o
 .bss.xStart    0x20001518        0x8 ./Middlewares/Third_Party/FreeRTOS/Source/portable/MemMang/heap_4.o
 .bss.pxEnd     0x20001520        0x4 ./Middlewares/Third_Party/FreeRTOS/Source/portable/MemMang/heap_4.o
 .bss.xFreeBytesRemaining
                0x20001524        0x4 ./Middlewares/Third_Party/FreeRTOS/Source/portable/MemMang/heap_4.o
 .bss.xMinimumEverFreeBytesRemaining
                0x20001528        0x4 ./Middlewares/Third_Party/FreeRTOS/Source/portable/MemMang/heap_4.o
 .bss.xBlockAllocatedBit
                0x2000152c        0x4 ./Middlewares/Third_Party/FreeRTOS/Source/portable/MemMang/heap_4.o
 .bss.__sf      0x20001530      0x138 /Applications/STM32CubeIDE.app/Contents/Eclipse/plugins/com.st.stm32cube.ide.mcu.externaltools.gnu-tools-for-stm32.12.3.rel1.macos64_1.0.100.202403111906/tools/bin/../lib/gcc/arm-none-eabi/12.3.1/../../../../arm-none-eabi/lib/thumb/v7-m/nofp/libc_nano.a(libc_a-findfp.o)
                0x20001530                __sf
 .bss.__stdio_exit_handler
                0x20001668        0x4 /Applications/STM32CubeIDE.app/Contents/Eclipse/plugins/com.st.stm32cube.ide.mcu.externaltools.gnu-tools-for-stm32.12.3.rel1.macos64_1.0.100.202403111906/tools/bin/../lib/gcc/arm-none-eabi/12.3.1/../../../../arm-none-eabi/lib/thumb/v7-m/nofp/libc_nano.a(libc_a-findfp.o)
                0x20001668                __stdio_exit_handler
 .bss.errno     0x2000166c        0x4 /Applications/STM32CubeIDE.app/Contents/Eclipse/plugins/com.st.stm32cube.ide.mcu.externaltools.gnu-tools-for-stm32.12.3.rel1.macos64_1.0.100.202403111906/tools/bin/../lib/gcc/arm-none-eabi/12.3.1/../../../../arm-none-eabi/lib/thumb/v7-m/nofp/libc_nano.a(libc_a-reent.o)
                0x2000166c                errno
 .bss.__lock___malloc_recursive_mutex
                0x20001670        0x1 /Applications/STM32CubeIDE.app/Contents/Eclipse/plugins/com.st.stm32cube.ide.mcu.externaltools.gnu-tools-for-stm32.12.3.rel1.macos64_1.0.100.202403111906/tools/bin/../lib/gcc/arm-none-eabi/12.3.1/../../../../arm-none-eabi/lib/thumb/v7-m/nofp/libc_nano.a(libc_a-lock.o)
                0x20001670                __lock___malloc_recursive_mutex
 .bss.__lock___sfp_recursive_mutex
                0x20001671        0x1 /Applications/STM32CubeIDE.app/Contents/Eclipse/plugins/com.st.stm32cube.ide.mcu.externaltools.gnu-tools-for-stm32.12.3.rel1.macos64_1.0.100.202403111906/tools/bin/../lib/gcc/arm-none-eabi/12.3.1/../../../../arm-none-eabi/lib/thumb/v7-m/nofp/libc_nano.a(libc_a-lock.o)
                0x20001671                __lock___sfp_recursive_mutex
 *fill*         0x20001672        0x2 
 .bss.__malloc_sbrk_start
                0x20001674        0x4 /Applications/STM32CubeIDE.app/Contents/Eclipse/plugins/com.st.stm32cube.ide.mcu.externaltools.gnu-tools-for-stm32.12.3.rel1.macos64_1.0.100.202403111906/tools/bin/../lib/gcc/arm-none-eabi/12.3.1/../../../../arm-none-eabi/lib/thumb/v7-m/nofp/libc_nano.a(libc_a-mallocr.o)
                0x20001674                __malloc_sbrk_start
 .bss.__malloc_free_list
                0x20001678        0x4 /Applications/STM32CubeIDE.app/Contents/Eclipse/plugins/com.st.stm32cube.ide.mcu.externaltools.gnu-tools-for-stm32.12.3.rel1.macos64_1.0.100.202403111906/tools/bin/../lib/gcc/arm-none-eabi/12.3.1/../../../../arm-none-eabi/lib/thumb/v7-m/nofp/libc_nano.a(libc_a-mallocr.o)
                0x20001678                __malloc_free_list
 *(COMMON)
                0x2000167c                        . = ALIGN (0x4)
                0x2000167c                        _ebss = .
                0x2000167c                        __bss_end__ = _ebss

._user_heap_stack
                0x2000167c      0x604 load address 0x080053e0
                0x20001680                        . = ALIGN (0x8)
 *fill*         0x2000167c        0x4 
                [!provide]                        PROVIDE (end = .)
                0x20001680                        PROVIDE (_end = .)
                0x20001880                        . = (. + _Min_Heap_Size)
 *fill*         0x20001680      0x200 
                0x20001c80                        . = (. + _Min_Stack_Size)
 *fill*         0x20001880      0x400 
                0x20001c80                        . = ALIGN (0x8)

/DISCARD/
 libc.a(*)
 libm.a(*)
 libgcc.a(*)

.ARM.attributes
                0x00000000       0x29
 *(.ARM.attributes)
 .ARM.attributes
                0x00000000       0x1d /Applications/STM32CubeIDE.app/Contents/Eclipse/plugins/com.st.stm32cube.ide.mcu.externaltools.gnu-tools-for-stm32.12.3.rel1.macos64_1.0.100.202403111906/tools/bin/../lib/gcc/arm-none-eabi/12.3.1/thumb/v7-m/nofp/crti.o
 .ARM.attributes
                0x0000001d       0x2d /Applications/STM32CubeIDE.app/Contents/Eclipse/plugins/com.st.stm32cube.ide.mcu.externaltools.gnu-tools-for-stm32.12.3.rel1.macos64_1.0.100.202403111906/tools/bin/../lib/gcc/arm-none-eabi/12.3.1/thumb/v7-m/nofp/crtbegin.o
 .ARM.attributes
                0x0000004a       0x2d ./Core/Src/freertos.o
 .ARM.attributes
                0x00000077       0x2d ./Core/Src/main.o
 .ARM.attributes
                0x000000a4       0x2d ./Core/Src/stm32f1xx_hal_msp.o
 .ARM.attributes
                0x000000d1       0x2d ./Core/Src/stm32f1xx_hal_timebase_tim.o
 .ARM.attributes
                0x000000fe       0x2d ./Core/Src/stm32f1xx_it.o
 .ARM.attributes
                0x0000012b       0x2d ./Core/Src/syscalls.o
 .ARM.attributes
                0x00000158       0x2d ./Core/Src/sysmem.o
 .ARM.attributes
                0x00000185       0x2d ./Core/Src/system_stm32f1xx.o
 .ARM.attributes
                0x000001b2       0x21 ./Core/Startup/startup_stm32f103rbtx.o
 .ARM.attributes
                0x000001d3       0x2d ./Drivers/STM32F1xx_HAL_Driver/Src/stm32f1xx_hal.o
 .ARM.attributes
                0x00000200       0x2d ./Drivers/STM32F1xx_HAL_Driver/Src/stm32f1xx_hal_cortex.o
 .ARM.attributes
                0x0000022d       0x2d ./Drivers/STM32F1xx_HAL_Driver/Src/stm32f1xx_hal_gpio.o
 .ARM.attributes
                0x0000025a       0x2d ./Drivers/STM32F1xx_HAL_Driver/Src/stm32f1xx_hal_rcc.o
 .ARM.attributes
                0x00000287       0x2d ./Drivers/STM32F1xx_HAL_Driver/Src/stm32f1xx_hal_tim.o
 .ARM.attributes
                0x000002b4       0x2d ./Drivers/STM32F1xx_HAL_Driver/Src/stm32f1xx_hal_tim_ex.o
 .ARM.attributes
                0x000002e1       0x2d ./Drivers/STM32F1xx_HAL_Driver/Src/stm32f1xx_hal_uart.o
 .ARM.attributes
                0x0000030e       0x2d ./Middlewares/Third_Party/FreeRTOS/Source/CMSIS_RTOS/cmsis_os.o
 .ARM.attributes
                0x0000033b       0x2d ./Middlewares/Third_Party/FreeRTOS/Source/list.o
 .ARM.attributes
                0x00000368       0x2d ./Middlewares/Third_Party/FreeRTOS/Source/queue.o
 .ARM.attributes
                0x00000395       0x2d ./Middlewares/Third_Party/FreeRTOS/Source/tasks.o
 .ARM.attributes
                0x000003c2       0x2d ./Middlewares/Third_Party/FreeRTOS/Source/portable/GCC/ARM_CM3/port.o
 .ARM.attributes
                0x000003ef       0x2d ./Middlewares/Third_Party/FreeRTOS/Source/portable/MemMang/heap_4.o
 .ARM.attributes
                0x0000041c       0x2d /Applications/STM32CubeIDE.app/Contents/Eclipse/plugins/com.st.stm32cube.ide.mcu.externaltools.gnu-tools-for-stm32.12.3.rel1.macos64_1.0.100.202403111906/tools/bin/../lib/gcc/arm-none-eabi/12.3.1/../../../../arm-none-eabi/lib/thumb/v7-m/nofp/libc_nano.a(libc_a-findfp.o)
 .ARM.attributes
                0x00000449       0x2d /Applications/STM32CubeIDE.app/Contents/Eclipse/plugins/com.st.stm32cube.ide.mcu.externaltools.gnu-tools-for-stm32.12.3.rel1.macos64_1.0.100.202403111906/tools/bin/../lib/gcc/arm-none-eabi/12.3.1/../../../../arm-none-eabi/lib/thumb/v7-m/nofp/libc_nano.a(libc_a-fwalk.o)
 .ARM.attributes
                0x00000476       0x2d /Applications/STM32CubeIDE.app/Contents/Eclipse/plugins/com.st.stm32cube.ide.mcu.externaltools.gnu-tools-for-stm32.12.3.rel1.macos64_1.0.100.202403111906/tools/bin/../lib/gcc/arm-none-eabi/12.3.1/../../../../arm-none-eabi/lib/thumb/v7-m/nofp/libc_nano.a(libc_a-puts.o)
 .ARM.attributes
                0x000004a3       0x2d /Applications/STM32CubeIDE.app/Contents/Eclipse/plugins/com.st.stm32cube.ide.mcu.externaltools.gnu-tools-for-stm32.12.3.rel1.macos64_1.0.100.202403111906/tools/bin/../lib/gcc/arm-none-eabi/12.3.1/../../../../arm-none-eabi/lib/thumb/v7-m/nofp/libc_nano.a(libc_a-memset.o)
 .ARM.attributes
                0x000004d0       0x2d /Applications/STM32CubeIDE.app/Contents/Eclipse/plugins/com.st.stm32cube.ide.mcu.externaltools.gnu-tools-for-stm32.12.3.rel1.macos64_1.0.100.202403111906/tools/bin/../lib/gcc/arm-none-eabi/12.3.1/../../../../arm-none-eabi/lib/thumb/v7-m/nofp/libc_nano.a(libc_a-reent.o)
 .ARM.attributes
                0x000004fd       0x2d /Applications/STM32CubeIDE.app/Contents/Eclipse/plugins/com.st.stm32cube.ide.mcu.externaltools.gnu-tools-for-stm32.12.3.rel1.macos64_1.0.100.202403111906/tools/bin/../lib/gcc/arm-none-eabi/12.3.1/../../../../arm-none-eabi/lib/thumb/v7-m/nofp/libc_nano.a(libc_a-impure.o)
 .ARM.attributes
                0x0000052a       0x2d /Applications/STM32CubeIDE.app/Contents/Eclipse/plugins/com.st.stm32cube.ide.mcu.externaltools.gnu-tools-for-stm32.12.3.rel1.macos64_1.0.100.202403111906/tools/bin/../lib/gcc/arm-none-eabi/12.3.1/../../../../arm-none-eabi/lib/thumb/v7-m/nofp/libc_nano.a(libc_a-errno.o)
 .ARM.attributes
                0x00000557       0x2d /Applications/STM32CubeIDE.app/Contents/Eclipse/plugins/com.st.stm32cube.ide.mcu.externaltools.gnu-tools-for-stm32.12.3.rel1.macos64_1.0.100.202403111906/tools/bin/../lib/gcc/arm-none-eabi/12.3.1/../../../../arm-none-eabi/lib/thumb/v7-m/nofp/libc_nano.a(libc_a-init.o)
 .ARM.attributes
                0x00000584       0x2d /Applications/STM32CubeIDE.app/Contents/Eclipse/plugins/com.st.stm32cube.ide.mcu.externaltools.gnu-tools-for-stm32.12.3.rel1.macos64_1.0.100.202403111906/tools/bin/../lib/gcc/arm-none-eabi/12.3.1/../../../../arm-none-eabi/lib/thumb/v7-m/nofp/libc_nano.a(libc_a-lock.o)
 .ARM.attributes
                0x000005b1       0x2d /Applications/STM32CubeIDE.app/Contents/Eclipse/plugins/com.st.stm32cube.ide.mcu.externaltools.gnu-tools-for-stm32.12.3.rel1.macos64_1.0.100.202403111906/tools/bin/../lib/gcc/arm-none-eabi/12.3.1/../../../../arm-none-eabi/lib/thumb/v7-m/nofp/libc_nano.a(libc_a-memcpy-stub.o)
 .ARM.attributes
                0x000005de       0x2d /Applications/STM32CubeIDE.app/Contents/Eclipse/plugins/com.st.stm32cube.ide.mcu.externaltools.gnu-tools-for-stm32.12.3.rel1.macos64_1.0.100.202403111906/tools/bin/../lib/gcc/arm-none-eabi/12.3.1/../../../../arm-none-eabi/lib/thumb/v7-m/nofp/libc_nano.a(libc_a-freer.o)
 .ARM.attributes
                0x0000060b       0x2d /Applications/STM32CubeIDE.app/Contents/Eclipse/plugins/com.st.stm32cube.ide.mcu.externaltools.gnu-tools-for-stm32.12.3.rel1.macos64_1.0.100.202403111906/tools/bin/../lib/gcc/arm-none-eabi/12.3.1/../../../../arm-none-eabi/lib/thumb/v7-m/nofp/libc_nano.a(libc_a-mallocr.o)
 .ARM.attributes
                0x00000638       0x2d /Applications/STM32CubeIDE.app/Contents/Eclipse/plugins/com.st.stm32cube.ide.mcu.externaltools.gnu-tools-for-stm32.12.3.rel1.macos64_1.0.100.202403111906/tools/bin/../lib/gcc/arm-none-eabi/12.3.1/../../../../arm-none-eabi/lib/thumb/v7-m/nofp/libc_nano.a(libc_a-fflush.o)
 .ARM.attributes
                0x00000665       0x2d /Applications/STM32CubeIDE.app/Contents/Eclipse/plugins/com.st.stm32cube.ide.mcu.externaltools.gnu-tools-for-stm32.12.3.rel1.macos64_1.0.100.202403111906/tools/bin/../lib/gcc/arm-none-eabi/12.3.1/../../../../arm-none-eabi/lib/thumb/v7-m/nofp/libc_nano.a(libc_a-mlock.o)
 .ARM.attributes
                0x00000692       0x2d /Applications/STM32CubeIDE.app/Contents/Eclipse/plugins/com.st.stm32cube.ide.mcu.externaltools.gnu-tools-for-stm32.12.3.rel1.macos64_1.0.100.202403111906/tools/bin/../lib/gcc/arm-none-eabi/12.3.1/../../../../arm-none-eabi/lib/thumb/v7-m/nofp/libc_nano.a(libc_a-stdio.o)
 .ARM.attributes
                0x000006bf       0x2d /Applications/STM32CubeIDE.app/Contents/Eclipse/plugins/com.st.stm32cube.ide.mcu.externaltools.gnu-tools-for-stm32.12.3.rel1.macos64_1.0.100.202403111906/tools/bin/../lib/gcc/arm-none-eabi/12.3.1/../../../../arm-none-eabi/lib/thumb/v7-m/nofp/libc_nano.a(libc_a-wbuf.o)
 .ARM.attributes
                0x000006ec       0x2d /Applications/STM32CubeIDE.app/Contents/Eclipse/plugins/com.st.stm32cube.ide.mcu.externaltools.gnu-tools-for-stm32.12.3.rel1.macos64_1.0.100.202403111906/tools/bin/../lib/gcc/arm-none-eabi/12.3.1/../../../../arm-none-eabi/lib/thumb/v7-m/nofp/libc_nano.a(libc_a-wsetup.o)
 .ARM.attributes
                0x00000719       0x2d /Applications/STM32CubeIDE.app/Contents/Eclipse/plugins/com.st.stm32cube.ide.mcu.externaltools.gnu-tools-for-stm32.12.3.rel1.macos64_1.0.100.202403111906/tools/bin/../lib/gcc/arm-none-eabi/12.3.1/../../../../arm-none-eabi/lib/thumb/v7-m/nofp/libc_nano.a(libc_a-makebuf.o)
 .ARM.attributes
                0x00000746       0x2d /Applications/STM32CubeIDE.app/Contents/Eclipse/plugins/com.st.stm32cube.ide.mcu.externaltools.gnu-tools-for-stm32.12.3.rel1.macos64_1.0.100.202403111906/tools/bin/../lib/gcc/arm-none-eabi/12.3.1/../../../../arm-none-eabi/lib/thumb/v7-m/nofp/libc_nano.a(libc_a-closer.o)
 .ARM.attributes
                0x00000773       0x2d /Applications/STM32CubeIDE.app/Contents/Eclipse/plugins/com.st.stm32cube.ide.mcu.externaltools.gnu-tools-for-stm32.12.3.rel1.macos64_1.0.100.202403111906/tools/bin/../lib/gcc/arm-none-eabi/12.3.1/../../../../arm-none-eabi/lib/thumb/v7-m/nofp/libc_nano.a(libc_a-fstatr.o)
 .ARM.attributes
                0x000007a0       0x2d /Applications/STM32CubeIDE.app/Contents/Eclipse/plugins/com.st.stm32cube.ide.mcu.externaltools.gnu-tools-for-stm32.12.3.rel1.macos64_1.0.100.202403111906/tools/bin/../lib/gcc/arm-none-eabi/12.3.1/../../../../arm-none-eabi/lib/thumb/v7-m/nofp/libc_nano.a(libc_a-isattyr.o)
 .ARM.attributes
                0x000007cd       0x2d /Applications/STM32CubeIDE.app/Contents/Eclipse/plugins/com.st.stm32cube.ide.mcu.externaltools.gnu-tools-for-stm32.12.3.rel1.macos64_1.0.100.202403111906/tools/bin/../lib/gcc/arm-none-eabi/12.3.1/../../../../arm-none-eabi/lib/thumb/v7-m/nofp/libc_nano.a(libc_a-lseekr.o)
 .ARM.attributes
                0x000007fa       0x2d /Applications/STM32CubeIDE.app/Contents/Eclipse/plugins/com.st.stm32cube.ide.mcu.externaltools.gnu-tools-for-stm32.12.3.rel1.macos64_1.0.100.202403111906/tools/bin/../lib/gcc/arm-none-eabi/12.3.1/../../../../arm-none-eabi/lib/thumb/v7-m/nofp/libc_nano.a(libc_a-readr.o)
 .ARM.attributes
                0x00000827       0x2d /Applications/STM32CubeIDE.app/Contents/Eclipse/plugins/com.st.stm32cube.ide.mcu.externaltools.gnu-tools-for-stm32.12.3.rel1.macos64_1.0.100.202403111906/tools/bin/../lib/gcc/arm-none-eabi/12.3.1/../../../../arm-none-eabi/lib/thumb/v7-m/nofp/libc_nano.a(libc_a-sbrkr.o)
 .ARM.attributes
                0x00000854       0x2d /Applications/STM32CubeIDE.app/Contents/Eclipse/plugins/com.st.stm32cube.ide.mcu.externaltools.gnu-tools-for-stm32.12.3.rel1.macos64_1.0.100.202403111906/tools/bin/../lib/gcc/arm-none-eabi/12.3.1/../../../../arm-none-eabi/lib/thumb/v7-m/nofp/libc_nano.a(libc_a-writer.o)
 .ARM.attributes
                0x00000881       0x1d /Applications/STM32CubeIDE.app/Contents/Eclipse/plugins/com.st.stm32cube.ide.mcu.externaltools.gnu-tools-for-stm32.12.3.rel1.macos64_1.0.100.202403111906/tools/bin/../lib/gcc/arm-none-eabi/12.3.1/thumb/v7-m/nofp/crtn.o
OUTPUT(Lab04_RTOSV2.elf elf32-littlearm)
LOAD linker stubs
LOAD /Applications/STM32CubeIDE.app/Contents/Eclipse/plugins/com.st.stm32cube.ide.mcu.externaltools.gnu-tools-for-stm32.12.3.rel1.macos64_1.0.100.202403111906/tools/bin/../lib/gcc/arm-none-eabi/12.3.1/../../../../arm-none-eabi/lib/thumb/v7-m/nofp/libc.a
LOAD /Applications/STM32CubeIDE.app/Contents/Eclipse/plugins/com.st.stm32cube.ide.mcu.externaltools.gnu-tools-for-stm32.12.3.rel1.macos64_1.0.100.202403111906/tools/bin/../lib/gcc/arm-none-eabi/12.3.1/../../../../arm-none-eabi/lib/thumb/v7-m/nofp/libm.a
LOAD /Applications/STM32CubeIDE.app/Contents/Eclipse/plugins/com.st.stm32cube.ide.mcu.externaltools.gnu-tools-for-stm32.12.3.rel1.macos64_1.0.100.202403111906/tools/bin/../lib/gcc/arm-none-eabi/12.3.1/thumb/v7-m/nofp/libgcc.a

.debug_info     0x00000000    0x13fdd
 .debug_info    0x00000000      0x919 ./Core/Src/freertos.o
 .debug_info    0x00000919     0x1f96 ./Core/Src/main.o
 .debug_info    0x000028af      0x969 ./Core/Src/stm32f1xx_hal_msp.o
 .debug_info    0x00003218      0x9a8 ./Core/Src/stm32f1xx_hal_timebase_tim.o
 .debug_info    0x00003bc0      0x6a2 ./Core/Src/stm32f1xx_it.o
 .debug_info    0x00004262      0x6a3 ./Core/Src/syscalls.o
 .debug_info    0x00004905      0x168 ./Core/Src/sysmem.o
 .debug_info    0x00004a6d      0x222 ./Core/Src/system_stm32f1xx.o
 .debug_info    0x00004c8f       0x30 ./Core/Startup/startup_stm32f103rbtx.o
 .debug_info    0x00004cbf      0x704 ./Drivers/STM32F1xx_HAL_Driver/Src/stm32f1xx_hal.o
 .debug_info    0x000053c3      0xa87 ./Drivers/STM32F1xx_HAL_Driver/Src/stm32f1xx_hal_cortex.o
 .debug_info    0x00005e4a      0x5ab ./Drivers/STM32F1xx_HAL_Driver/Src/stm32f1xx_hal_gpio.o
 .debug_info    0x000063f5      0x7d5 ./Drivers/STM32F1xx_HAL_Driver/Src/stm32f1xx_hal_rcc.o
 .debug_info    0x00006bca     0x293b ./Drivers/STM32F1xx_HAL_Driver/Src/stm32f1xx_hal_tim.o
 .debug_info    0x00009505     0x149b ./Drivers/STM32F1xx_HAL_Driver/Src/stm32f1xx_hal_tim_ex.o
 .debug_info    0x0000a9a0     0x2fa8 ./Drivers/STM32F1xx_HAL_Driver/Src/stm32f1xx_hal_uart.o
 .debug_info    0x0000d948     0x21bf ./Middlewares/Third_Party/FreeRTOS/Source/CMSIS_RTOS/cmsis_os.o
 .debug_info    0x0000fb07      0x2aa ./Middlewares/Third_Party/FreeRTOS/Source/list.o
 .debug_info    0x0000fdb1     0x1722 ./Middlewares/Third_Party/FreeRTOS/Source/queue.o
 .debug_info    0x000114d3     0x22b3 ./Middlewares/Third_Party/FreeRTOS/Source/tasks.o
 .debug_info    0x00013786      0x494 ./Middlewares/Third_Party/FreeRTOS/Source/portable/GCC/ARM_CM3/port.o
 .debug_info    0x00013c1a      0x3c3 ./Middlewares/Third_Party/FreeRTOS/Source/portable/MemMang/heap_4.o

.debug_abbrev   0x00000000     0x30a5
 .debug_abbrev  0x00000000      0x16f ./Core/Src/freertos.o
 .debug_abbrev  0x0000016f      0x3a7 ./Core/Src/main.o
 .debug_abbrev  0x00000516      0x1c8 ./Core/Src/stm32f1xx_hal_msp.o
 .debug_abbrev  0x000006de      0x1f3 ./Core/Src/stm32f1xx_hal_timebase_tim.o
 .debug_abbrev  0x000008d1      0x193 ./Core/Src/stm32f1xx_it.o
 .debug_abbrev  0x00000a64      0x1b6 ./Core/Src/syscalls.o
 .debug_abbrev  0x00000c1a       0xbc ./Core/Src/sysmem.o
 .debug_abbrev  0x00000cd6      0x13f ./Core/Src/system_stm32f1xx.o
 .debug_abbrev  0x00000e15       0x24 ./Core/Startup/startup_stm32f103rbtx.o
 .debug_abbrev  0x00000e39      0x201 ./Drivers/STM32F1xx_HAL_Driver/Src/stm32f1xx_hal.o
 .debug_abbrev  0x0000103a      0x2f8 ./Drivers/STM32F1xx_HAL_Driver/Src/stm32f1xx_hal_cortex.o
 .debug_abbrev  0x00001332      0x1ca ./Drivers/STM32F1xx_HAL_Driver/Src/stm32f1xx_hal_gpio.o
 .debug_abbrev  0x000014fc      0x2b3 ./Drivers/STM32F1xx_HAL_Driver/Src/stm32f1xx_hal_rcc.o
 .debug_abbrev  0x000017af      0x277 ./Drivers/STM32F1xx_HAL_Driver/Src/stm32f1xx_hal_tim.o
 .debug_abbrev  0x00001a26      0x282 ./Drivers/STM32F1xx_HAL_Driver/Src/stm32f1xx_hal_tim_ex.o
 .debug_abbrev  0x00001ca8      0x2f8 ./Drivers/STM32F1xx_HAL_Driver/Src/stm32f1xx_hal_uart.o
 .debug_abbrev  0x00001fa0      0x416 ./Middlewares/Third_Party/FreeRTOS/Source/CMSIS_RTOS/cmsis_os.o
 .debug_abbrev  0x000023b6       0xf5 ./Middlewares/Third_Party/FreeRTOS/Source/list.o
 .debug_abbrev  0x000024ab      0x3cd ./Middlewares/Third_Party/FreeRTOS/Source/queue.o
 .debug_abbrev  0x00002878      0x3d0 ./Middlewares/Third_Party/FreeRTOS/Source/tasks.o
 .debug_abbrev  0x00002c48      0x258 ./Middlewares/Third_Party/FreeRTOS/Source/portable/GCC/ARM_CM3/port.o
 .debug_abbrev  0x00002ea0      0x205 ./Middlewares/Third_Party/FreeRTOS/Source/portable/MemMang/heap_4.o

.debug_aranges  0x00000000     0x1218
 .debug_aranges
                0x00000000       0x20 ./Core/Src/freertos.o
 .debug_aranges
                0x00000020       0x90 ./Core/Src/main.o
 .debug_aranges
                0x000000b0       0x30 ./Core/Src/stm32f1xx_hal_msp.o
 .debug_aranges
                0x000000e0       0x30 ./Core/Src/stm32f1xx_hal_timebase_tim.o
 .debug_aranges
                0x00000110       0x58 ./Core/Src/stm32f1xx_it.o
 .debug_aranges
                0x00000168       0xa8 ./Core/Src/syscalls.o
 .debug_aranges
                0x00000210       0x20 ./Core/Src/sysmem.o
 .debug_aranges
                0x00000230       0x28 ./Core/Src/system_stm32f1xx.o
 .debug_aranges
                0x00000258       0x28 ./Core/Startup/startup_stm32f103rbtx.o
 .debug_aranges
                0x00000280       0xe0 ./Drivers/STM32F1xx_HAL_Driver/Src/stm32f1xx_hal.o
 .debug_aranges
                0x00000360      0x100 ./Drivers/STM32F1xx_HAL_Driver/Src/stm32f1xx_hal_cortex.o
 .debug_aranges
                0x00000460       0x58 ./Drivers/STM32F1xx_HAL_Driver/Src/stm32f1xx_hal_gpio.o
 .debug_aranges
                0x000004b8       0x90 ./Drivers/STM32F1xx_HAL_Driver/Src/stm32f1xx_hal_rcc.o
 .debug_aranges
                0x00000548      0x3d0 ./Drivers/STM32F1xx_HAL_Driver/Src/stm32f1xx_hal_tim.o
 .debug_aranges
                0x00000918      0x168 ./Drivers/STM32F1xx_HAL_Driver/Src/stm32f1xx_hal_tim_ex.o
 .debug_aranges
                0x00000a80      0x208 ./Drivers/STM32F1xx_HAL_Driver/Src/stm32f1xx_hal_uart.o
 .debug_aranges
                0x00000c88      0x1d8 ./Middlewares/Third_Party/FreeRTOS/Source/CMSIS_RTOS/cmsis_os.o
 .debug_aranges
                0x00000e60       0x40 ./Middlewares/Third_Party/FreeRTOS/Source/list.o
 .debug_aranges
                0x00000ea0      0x108 ./Middlewares/Third_Party/FreeRTOS/Source/queue.o
 .debug_aranges
                0x00000fa8      0x1a8 ./Middlewares/Third_Party/FreeRTOS/Source/tasks.o
 .debug_aranges
                0x00001150       0x78 ./Middlewares/Third_Party/FreeRTOS/Source/portable/GCC/ARM_CM3/port.o
 .debug_aranges
                0x000011c8       0x50 ./Middlewares/Third_Party/FreeRTOS/Source/portable/MemMang/heap_4.o

.debug_rnglists
                0x00000000      0xe08
 .debug_rnglists
                0x00000000       0x13 ./Core/Src/freertos.o
 .debug_rnglists
                0x00000013       0x6e ./Core/Src/main.o
 .debug_rnglists
                0x00000081       0x20 ./Core/Src/stm32f1xx_hal_msp.o
 .debug_rnglists
                0x000000a1       0x20 ./Core/Src/stm32f1xx_hal_timebase_tim.o
 .debug_rnglists
                0x000000c1       0x3d ./Core/Src/stm32f1xx_it.o
 .debug_rnglists
                0x000000fe       0x79 ./Core/Src/syscalls.o
 .debug_rnglists
                0x00000177       0x13 ./Core/Src/sysmem.o
 .debug_rnglists
                0x0000018a       0x1a ./Core/Src/system_stm32f1xx.o
 .debug_rnglists
                0x000001a4       0x19 ./Core/Startup/startup_stm32f103rbtx.o
 .debug_rnglists
                0x000001bd       0xa3 ./Drivers/STM32F1xx_HAL_Driver/Src/stm32f1xx_hal.o
 .debug_rnglists
                0x00000260       0xbb ./Drivers/STM32F1xx_HAL_Driver/Src/stm32f1xx_hal_cortex.o
 .debug_rnglists
                0x0000031b       0x3f ./Drivers/STM32F1xx_HAL_Driver/Src/stm32f1xx_hal_gpio.o
 .debug_rnglists
                0x0000035a       0x6c ./Drivers/STM32F1xx_HAL_Driver/Src/stm32f1xx_hal_rcc.o
 .debug_rnglists
                0x000003c6      0x31a ./Drivers/STM32F1xx_HAL_Driver/Src/stm32f1xx_hal_tim.o
 .debug_rnglists
                0x000006e0      0x125 ./Drivers/STM32F1xx_HAL_Driver/Src/stm32f1xx_hal_tim_ex.o
 .debug_rnglists
                0x00000805      0x1bc ./Drivers/STM32F1xx_HAL_Driver/Src/stm32f1xx_hal_uart.o
 .debug_rnglists
                0x000009c1      0x16a ./Middlewares/Third_Party/FreeRTOS/Source/CMSIS_RTOS/cmsis_os.o
 .debug_rnglists
                0x00000b2b       0x2b ./Middlewares/Third_Party/FreeRTOS/Source/list.o
 .debug_rnglists
                0x00000b56       0xcd ./Middlewares/Third_Party/FreeRTOS/Source/queue.o
 .debug_rnglists
                0x00000c23      0x153 ./Middlewares/Third_Party/FreeRTOS/Source/tasks.o
 .debug_rnglists
                0x00000d76       0x57 ./Middlewares/Third_Party/FreeRTOS/Source/portable/GCC/ARM_CM3/port.o
 .debug_rnglists
                0x00000dcd       0x3b ./Middlewares/Third_Party/FreeRTOS/Source/portable/MemMang/heap_4.o

.debug_macro    0x00000000    0x1a470
 .debug_macro   0x00000000      0x2b7 ./Core/Src/freertos.o
 .debug_macro   0x000002b7      0xaa8 ./Core/Src/freertos.o
 .debug_macro   0x00000d5f      0x189 ./Core/Src/freertos.o
 .debug_macro   0x00000ee8       0x22 ./Core/Src/freertos.o
 .debug_macro   0x00000f0a       0x8e ./Core/Src/freertos.o
 .debug_macro   0x00000f98       0x51 ./Core/Src/freertos.o
 .debug_macro   0x00000fe9      0x103 ./Core/Src/freertos.o
 .debug_macro   0x000010ec       0x6a ./Core/Src/freertos.o
 .debug_macro   0x00001156      0x1df ./Core/Src/freertos.o
 .debug_macro   0x00001335       0xdc ./Core/Src/freertos.o
 .debug_macro   0x00001411      0x15a ./Core/Src/freertos.o
 .debug_macro   0x0000156b       0xd7 ./Core/Src/freertos.o
 .debug_macro   0x00001642       0x10 ./Core/Src/freertos.o
 .debug_macro   0x00001652       0x1f ./Core/Src/freertos.o
 .debug_macro   0x00001671       0x61 ./Core/Src/freertos.o
 .debug_macro   0x000016d2       0x24 ./Core/Src/freertos.o
 .debug_macro   0x000016f6       0x43 ./Core/Src/freertos.o
 .debug_macro   0x00001739       0x34 ./Core/Src/freertos.o
 .debug_macro   0x0000176d       0x16 ./Core/Src/freertos.o
 .debug_macro   0x00001783       0x43 ./Core/Src/freertos.o
 .debug_macro   0x000017c6       0x34 ./Core/Src/freertos.o
 .debug_macro   0x000017fa       0x10 ./Core/Src/freertos.o
 .debug_macro   0x0000180a       0x58 ./Core/Src/freertos.o
 .debug_macro   0x00001862       0x8e ./Core/Src/freertos.o
 .debug_macro   0x000018f0       0x1c ./Core/Src/freertos.o
 .debug_macro   0x0000190c      0x177 ./Core/Src/freertos.o
 .debug_macro   0x00001a83       0x10 ./Core/Src/freertos.o
 .debug_macro   0x00001a93       0x35 ./Core/Src/freertos.o
 .debug_macro   0x00001ac8      0x4b1 ./Core/Src/freertos.o
 .debug_macro   0x00001f79       0xb5 ./Core/Src/freertos.o
 .debug_macro   0x0000202e       0x8c ./Core/Src/freertos.o
 .debug_macro   0x000020ba      0x21b ./Core/Src/freertos.o
 .debug_macro   0x000022d5       0x2e ./Core/Src/freertos.o
 .debug_macro   0x00002303       0x22 ./Core/Src/freertos.o
 .debug_macro   0x00002325       0x1c ./Core/Src/freertos.o
 .debug_macro   0x00002341       0x22 ./Core/Src/freertos.o
 .debug_macro   0x00002363       0xbd ./Core/Src/freertos.o
 .debug_macro   0x00002420      0xd23 ./Core/Src/freertos.o
 .debug_macro   0x00003143     0xe09e ./Core/Src/freertos.o
 .debug_macro   0x000111e1       0x6d ./Core/Src/freertos.o
 .debug_macro   0x0001124e     0x348d ./Core/Src/freertos.o
 .debug_macro   0x000146db       0x5c ./Core/Src/freertos.o
 .debug_macro   0x00014737      0x5bc ./Core/Src/freertos.o
 .debug_macro   0x00014cf3      0x289 ./Core/Src/freertos.o
 .debug_macro   0x00014f7c      0x1cb ./Core/Src/freertos.o
 .debug_macro   0x00015147      0x114 ./Core/Src/freertos.o
 .debug_macro   0x0001525b      0x1b2 ./Core/Src/freertos.o
 .debug_macro   0x0001540d       0x27 ./Core/Src/freertos.o
 .debug_macro   0x00015434      0x136 ./Core/Src/freertos.o
 .debug_macro   0x0001556a      0x1bc ./Core/Src/freertos.o
 .debug_macro   0x00015726       0x34 ./Core/Src/freertos.o
 .debug_macro   0x0001575a       0x3c ./Core/Src/freertos.o
 .debug_macro   0x00015796       0x57 ./Core/Src/freertos.o
 .debug_macro   0x000157ed       0x87 ./Core/Src/freertos.o
 .debug_macro   0x00015874      0x240 ./Core/Src/freertos.o
 .debug_macro   0x00015ab4      0x140 ./Core/Src/freertos.o
 .debug_macro   0x00015bf4      0x8ed ./Core/Src/freertos.o
 .debug_macro   0x000164e1      0x28e ./Core/Src/freertos.o
 .debug_macro   0x0001676f       0x83 ./Core/Src/freertos.o
 .debug_macro   0x000167f2       0x46 ./Core/Src/freertos.o
 .debug_macro   0x00016838      0x376 ./Core/Src/main.o
 .debug_macro   0x00016bae       0xdc ./Core/Src/main.o
 .debug_macro   0x00016c8a       0x91 ./Core/Src/main.o
 .debug_macro   0x00016d1b       0x8d ./Core/Src/main.o
 .debug_macro   0x00016da8       0x7e ./Core/Src/main.o
 .debug_macro   0x00016e26       0x19 ./Core/Src/main.o
 .debug_macro   0x00016e3f       0xf2 ./Core/Src/main.o
 .debug_macro   0x00016f31       0x1c ./Core/Src/main.o
 .debug_macro   0x00016f4d      0x369 ./Core/Src/main.o
 .debug_macro   0x000172b6       0x10 ./Core/Src/main.o
 .debug_macro   0x000172c6       0x1c ./Core/Src/main.o
 .debug_macro   0x000172e2       0x16 ./Core/Src/main.o
 .debug_macro   0x000172f8      0x146 ./Core/Src/main.o
 .debug_macro   0x0001743e       0x4c ./Core/Src/main.o
 .debug_macro   0x0001748a      0x1b2 ./Core/Src/stm32f1xx_hal_msp.o
 .debug_macro   0x0001763c      0x1a3 ./Core/Src/stm32f1xx_hal_timebase_tim.o
 .debug_macro   0x000177df      0x1bc ./Core/Src/stm32f1xx_it.o
 .debug_macro   0x0001799b      0x274 ./Core/Src/syscalls.o
 .debug_macro   0x00017c0f       0x5b ./Core/Src/syscalls.o
 .debug_macro   0x00017c6a       0x94 ./Core/Src/syscalls.o
 .debug_macro   0x00017cfe       0x57 ./Core/Src/syscalls.o
 .debug_macro   0x00017d55       0x10 ./Core/Src/syscalls.o
 .debug_macro   0x00017d65       0x10 ./Core/Src/syscalls.o
 .debug_macro   0x00017d75       0x10 ./Core/Src/syscalls.o
 .debug_macro   0x00017d85       0x10 ./Core/Src/syscalls.o
 .debug_macro   0x00017d95       0x1c ./Core/Src/syscalls.o
 .debug_macro   0x00017db1       0x52 ./Core/Src/syscalls.o
 .debug_macro   0x00017e03       0x22 ./Core/Src/syscalls.o
 .debug_macro   0x00017e25       0x10 ./Core/Src/syscalls.o
 .debug_macro   0x00017e35       0x52 ./Core/Src/syscalls.o
 .debug_macro   0x00017e87       0xcf ./Core/Src/syscalls.o
 .debug_macro   0x00017f56       0x1c ./Core/Src/syscalls.o
 .debug_macro   0x00017f72       0x3d ./Core/Src/syscalls.o
 .debug_macro   0x00017faf       0x35 ./Core/Src/syscalls.o
 .debug_macro   0x00017fe4      0x12c ./Core/Src/syscalls.o
 .debug_macro   0x00018110       0x16 ./Core/Src/syscalls.o
 .debug_macro   0x00018126       0x16 ./Core/Src/syscalls.o
 .debug_macro   0x0001813c       0x29 ./Core/Src/syscalls.o
 .debug_macro   0x00018165       0x10 ./Core/Src/syscalls.o
 .debug_macro   0x00018175      0x242 ./Core/Src/syscalls.o
 .debug_macro   0x000183b7       0x10 ./Core/Src/syscalls.o
 .debug_macro   0x000183c7      0x18a ./Core/Src/syscalls.o
 .debug_macro   0x00018551       0x16 ./Core/Src/syscalls.o
 .debug_macro   0x00018567       0xce ./Core/Src/syscalls.o
 .debug_macro   0x00018635       0xff ./Core/Src/sysmem.o
 .debug_macro   0x00018734      0x23c ./Core/Src/sysmem.o
 .debug_macro   0x00018970      0x1a3 ./Core/Src/system_stm32f1xx.o
 .debug_macro   0x00018b13      0x1c7 ./Drivers/STM32F1xx_HAL_Driver/Src/stm32f1xx_hal.o
 .debug_macro   0x00018cda      0x1a3 ./Drivers/STM32F1xx_HAL_Driver/Src/stm32f1xx_hal_cortex.o
 .debug_macro   0x00018e7d      0x20e ./Drivers/STM32F1xx_HAL_Driver/Src/stm32f1xx_hal_gpio.o
 .debug_macro   0x0001908b      0x1b5 ./Drivers/STM32F1xx_HAL_Driver/Src/stm32f1xx_hal_rcc.o
 .debug_macro   0x00019240      0x1a4 ./Drivers/STM32F1xx_HAL_Driver/Src/stm32f1xx_hal_tim.o
 .debug_macro   0x000193e4      0x1a3 ./Drivers/STM32F1xx_HAL_Driver/Src/stm32f1xx_hal_tim_ex.o
 .debug_macro   0x00019587      0x1a4 ./Drivers/STM32F1xx_HAL_Driver/Src/stm32f1xx_hal_uart.o
 .debug_macro   0x0001972b      0x210 ./Middlewares/Third_Party/FreeRTOS/Source/CMSIS_RTOS/cmsis_os.o
 .debug_macro   0x0001993b       0x10 ./Middlewares/Third_Party/FreeRTOS/Source/CMSIS_RTOS/cmsis_os.o
 .debug_macro   0x0001994b       0x20 ./Middlewares/Third_Party/FreeRTOS/Source/CMSIS_RTOS/cmsis_os.o
 .debug_macro   0x0001996b       0x16 ./Middlewares/Third_Party/FreeRTOS/Source/CMSIS_RTOS/cmsis_os.o
 .debug_macro   0x00019981       0xab ./Middlewares/Third_Party/FreeRTOS/Source/CMSIS_RTOS/cmsis_os.o
 .debug_macro   0x00019a2c      0x199 ./Middlewares/Third_Party/FreeRTOS/Source/list.o
 .debug_macro   0x00019bc5      0x224 ./Middlewares/Third_Party/FreeRTOS/Source/queue.o
 .debug_macro   0x00019de9       0x16 ./Middlewares/Third_Party/FreeRTOS/Source/queue.o
 .debug_macro   0x00019dff      0x292 ./Middlewares/Third_Party/FreeRTOS/Source/tasks.o
 .debug_macro   0x0001a091       0x10 ./Middlewares/Third_Party/FreeRTOS/Source/tasks.o
 .debug_macro   0x0001a0a1      0x20f ./Middlewares/Third_Party/FreeRTOS/Source/portable/GCC/ARM_CM3/port.o
 .debug_macro   0x0001a2b0      0x1c0 ./Middlewares/Third_Party/FreeRTOS/Source/portable/MemMang/heap_4.o

.debug_line     0x00000000    0x13a33
 .debug_line    0x00000000      0x8cc ./Core/Src/freertos.o
 .debug_line    0x000008cc      0xd38 ./Core/Src/main.o
 .debug_line    0x00001604      0x6ee ./Core/Src/stm32f1xx_hal_msp.o
 .debug_line    0x00001cf2      0x716 ./Core/Src/stm32f1xx_hal_timebase_tim.o
 .debug_line    0x00002408      0x74e ./Core/Src/stm32f1xx_it.o
 .debug_line    0x00002b56      0x84b ./Core/Src/syscalls.o
 .debug_line    0x000033a1      0x51c ./Core/Src/sysmem.o
 .debug_line    0x000038bd      0x718 ./Core/Src/system_stm32f1xx.o
 .debug_line    0x00003fd5       0x78 ./Core/Startup/startup_stm32f103rbtx.o
 .debug_line    0x0000404d      0x945 ./Drivers/STM32F1xx_HAL_Driver/Src/stm32f1xx_hal.o
 .debug_line    0x00004992      0xb31 ./Drivers/STM32F1xx_HAL_Driver/Src/stm32f1xx_hal_cortex.o
 .debug_line    0x000054c3      0x9de ./Drivers/STM32F1xx_HAL_Driver/Src/stm32f1xx_hal_gpio.o
 .debug_line    0x00005ea1      0xd4e ./Drivers/STM32F1xx_HAL_Driver/Src/stm32f1xx_hal_rcc.o
 .debug_line    0x00006bef     0x344f ./Drivers/STM32F1xx_HAL_Driver/Src/stm32f1xx_hal_tim.o
 .debug_line    0x0000a03e     0x18a4 ./Drivers/STM32F1xx_HAL_Driver/Src/stm32f1xx_hal_tim_ex.o
 .debug_line    0x0000b8e2     0x288e ./Drivers/STM32F1xx_HAL_Driver/Src/stm32f1xx_hal_uart.o
 .debug_line    0x0000e170     0x1209 ./Middlewares/Third_Party/FreeRTOS/Source/CMSIS_RTOS/cmsis_os.o
 .debug_line    0x0000f379      0x739 ./Middlewares/Third_Party/FreeRTOS/Source/list.o
 .debug_line    0x0000fab2     0x14b6 ./Middlewares/Third_Party/FreeRTOS/Source/queue.o
 .debug_line    0x00010f68     0x1925 ./Middlewares/Third_Party/FreeRTOS/Source/tasks.o
 .debug_line    0x0001288d      0x8a8 ./Middlewares/Third_Party/FreeRTOS/Source/portable/GCC/ARM_CM3/port.o
 .debug_line    0x00013135      0x8fe ./Middlewares/Third_Party/FreeRTOS/Source/portable/MemMang/heap_4.o

.debug_str      0x00000000    0x94e7d
 .debug_str     0x00000000    0x88cc0 ./Core/Src/freertos.o
                              0x8908e (size before relaxing)
 .debug_str     0x00088cc0     0x5087 ./Core/Src/main.o
                              0x8e233 (size before relaxing)
 .debug_str     0x0008dd47       0x94 ./Core/Src/stm32f1xx_hal_msp.o
                              0x83eb3 (size before relaxing)