../Core/Src/main.c:95:5:_write	3
../Core/Src/main.c:112:5:main	1
../Core/Src/main.c:240:6:SystemClock_Config	3
../Core/Src/main.c:279:13:MX_USART1_UART_Init	2
../Core/Src/main.c:312:13:MX_GPIO_Init	1
../Core/Src/main.c:350:6:StartReceiver	2
../Core/Src/main.c:381:6:StartSender1	2
../Core/Src/main.c:408:6:StartSender2	1
../Core/Src/main.c:423:6:StartTask1	1
../Core/Src/main.c:471:6:StartTask2	1
../Core/Src/main.c:506:6:StartTask3	1
../Core/Src/main.c:531:6:StartTask4	1
../Core/Src/main.c:575:6:StartDefaultTask	1
../Core/Src/main.c:594:6:HAL_TIM_PeriodElapsedCallback	2
../Core/Src/main.c:611:6:Error_Handler	1
