../Src/lcd.c:28:6:LCD_Init	16	static
../Src/lcd.c:114:6:LCD_Out_Data4	16	static
../Src/lcd.c:137:6:LCD_Write_Byte	16	static
../Src/lcd.c:146:6:LCD_Write_Cmd	16	static
../Src/lcd.c:152:6:LCD_Put_Char	16	static
../Src/lcd.c:159:6:LCD_Set_Cursor	24	static
../Src/lcd.c:169:6:LCD_Put_Str	24	static
../Src/lcd.c:176:6:LCD_Put_Num	32	static
../Src/lcd.c:196:6:LCD_Busy	8	static
../Src/lcd.c:228:6:LCD_Pulse_EN	8	static
../Src/lcd.c:242:6:LCD_BarGraphic	24	static
../Src/lcd.c:259:6:LCD_BarGraphicXY	24	static
