01:00:31 **** Build of configuration Release for project lab02 ****
make -j7 all 
arm-none-eabi-gcc -mcpu=cortex-m3 -c -x assembler-with-cpp -MMD -MP -MF"Startup/startup_stm32f103rbtx.d" -MT"Startup/startup_stm32f103rbtx.o" --specs=nano.specs -mfloat-abi=soft -mthumb -o "Startup/startup_stm32f103rbtx.o" "../Startup/startup_stm32f103rbtx.s"
arm-none-eabi-gcc "../Src/main.c" -mcpu=cortex-m3 -std=gnu11 -DSTM32F103RBTx -DSTM32 -DSTM32F1 -DNUCLEO_F103RB -c -I../Inc -Os -ffunction-sections -fdata-sections -Wall -fstack-usage -fcyclomatic-complexity -MMD -MP -MF"Src/main.d" -MT"Src/main.o" --specs=nano.specs -mfloat-abi=soft -mthumb -o "Src/main.o"
arm-none-eabi-gcc "../Src/pushLED.c" -mcpu=cortex-m3 -std=gnu11 -DSTM32F103RBTx -DSTM32 -DSTM32F1 -DNUCLEO_F103RB -c -I../Inc -Os -ffunction-sections -fdata-sections -Wall -fstack-usage -fcyclomatic-complexity -MMD -MP -MF"Src/pushLED.d" -MT"Src/pushLED.o" --specs=nano.specs -mfloat-abi=soft -mthumb -o "Src/pushLED.o"
arm-none-eabi-gcc "../Src/syscalls.c" -mcpu=cortex-m3 -std=gnu11 -DSTM32F103RBTx -DSTM32 -DSTM32F1 -DNUCLEO_F103RB -c -I../Inc -Os -ffunction-sections -fdata-sections -Wall -fstack-usage -fcyclomatic-complexity -MMD -MP -MF"Src/syscalls.d" -MT"Src/syscalls.o" --specs=nano.specs -mfloat-abi=soft -mthumb -o "Src/syscalls.o"
arm-none-eabi-gcc "../Src/sysmem.c" -mcpu=cortex-m3 -std=gnu11 -DSTM32F103RBTx -DSTM32 -DSTM32F1 -DNUCLEO_F103RB -c -I../Inc -Os -ffunction-sections -fdata-sections -Wall -fstack-usage -fcyclomatic-complexity -MMD -MP -MF"Src/sysmem.d" -MT"Src/sysmem.o" --specs=nano.specs -mfloat-abi=soft -mthumb -o "Src/sysmem.o"
arm-none-eabi-gcc -o "lab02.elf" @"objects.list"   -mcpu=cortex-m3 -T"/Users/richywarrior/STM32CubeIDE/workspace_1.14.0/lab02/STM32F103RBTX_FLASH.ld" --specs=nosys.specs -Wl,-Map="lab02.map" -Wl,--gc-sections -static --specs=nano.specs -mfloat-abi=soft -mthumb -Wl,--start-group -lc -lm -Wl,--end-group
/Applications/STM32CubeIDE.app/Contents/Eclipse/plugins/com.st.stm32cube.ide.mcu.externaltools.gnu-tools-for-stm32.12.3.rel1.macos64_1.0.100.202403111906/tools/bin/../lib/gcc/arm-none-eabi/12.3.1/../../../../arm-none-eabi/bin/ld: warning: lab02.elf has a LOAD segment with RWX permissions
Finished building target: lab02.elf
 
arm-none-eabi-size  lab02.elf 
arm-none-eabi-objdump -h -S lab02.elf  > "lab02.list"
   text	   data	    bss	    dec	    hex	filename
    700	      8	   1568	   2276	    8e4	lab02.elf
Finished building: default.size.stdout
 
Finished building: lab02.list
 

01:00:32 Build Finished. 0 errors, 1 warnings. (took 331ms)

