01:00:30 **** Build of configuration Debug for project LabInterrupts ****
make -j7 all 
arm-none-eabi-gcc -mcpu=cortex-m3 -g3 -DDEBUG -c -x assembler-with-cpp -MMD -MP -MF"Startup/startup_stm32f103rbtx.d" -MT"Startup/startup_stm32f103rbtx.o" --specs=nano.specs -mfloat-abi=soft -mthumb -o "Startup/startup_stm32f103rbtx.o" "../Startup/startup_stm32f103rbtx.s"
arm-none-eabi-gcc "../Src/main.c" -mcpu=cortex-m3 -std=gnu11 -g3 -DDEBUG -DSTM32F103RBTx -DSTM32 -DSTM32F1 -DNUCLEO_F103RB -c -I../Inc -O0 -ffunction-sections -fdata-sections -Wall -fstack-usage -fcyclomatic-complexity -MMD -MP -MF"Src/main.d" -MT"Src/main.o" --specs=nano.specs -mfloat-abi=soft -mthumb -o "Src/main.o"
arm-none-eabi-gcc "../Src/syscalls.c" -mcpu=cortex-m3 -std=gnu11 -g3 -DDEBUG -DSTM32F103RBTx -DSTM32 -DSTM32F1 -DNUCLEO_F103RB -c -I../Inc -O0 -ffunction-sections -fdata-sections -Wall -fstack-usage -fcyclomatic-complexity -MMD -MP -MF"Src/syscalls.d" -MT"Src/syscalls.o" --specs=nano.specs -mfloat-abi=soft -mthumb -o "Src/syscalls.o"
arm-none-eabi-gcc "../Src/sysmem.c" -mcpu=cortex-m3 -std=gnu11 -g3 -DDEBUG -DSTM32F103RBTx -DSTM32 -DSTM32F1 -DNUCLEO_F103RB -c -I../Inc -O0 -ffunction-sections -fdata-sections -Wall -fstack-usage -fcyclomatic-complexity -MMD -MP -MF"Src/sysmem.d" -MT"Src/sysmem.o" --specs=nano.specs -mfloat-abi=soft -mthumb -o "Src/sysmem.o"
arm-none-eabi-gcc "../Src/uart.c" -mcpu=cortex-m3 -std=gnu11 -g3 -DDEBUG -DSTM32F103RBTx -DSTM32 -DSTM32F1 -DNUCLEO_F103RB -c -I../Inc -O0 -ffunction-sections -fdata-sections -Wall -fstack-usage -fcyclomatic-complexity -MMD -MP -MF"Src/uart.d" -MT"Src/uart.o" --specs=nano.specs -mfloat-abi=soft -mthumb -o "Src/uart.o"
arm-none-eabi-gcc -o "LabInterrupts.elf" @"objects.list"   -mcpu=cortex-m3 -T"/Users/richywarrior/STM32CubeIDE/workspace_1.14.0/LabInterrupts/STM32F103RBTX_FLASH.ld" --specs=nosys.specs -Wl,-Map="LabInterrupts.map" -Wl,--gc-sections -static --specs=nano.specs -mfloat-abi=soft -mthumb -Wl,--start-group -lc -lm -Wl,--end-group
/Applications/STM32CubeIDE.app/Contents/Eclipse/plugins/com.st.stm32cube.ide.mcu.externaltools.gnu-tools-for-stm32.12.3.rel1.macos64_1.0.100.202403111906/tools/bin/../lib/gcc/arm-none-eabi/12.3.1/../../../../arm-none-eabi/bin/ld: warning: LabInterrupts.elf has a LOAD segment with RWX permissions
Finished building target: LabInterrupts.elf
 
arm-none-eabi-size  LabInterrupts.elf 
arm-none-eabi-objdump -h -S LabInterrupts.elf  > "LabInterrupts.list"
   text	   data	    bss	    dec	    hex	filename
   3756	    100	   1900	   5756	   167c	LabInterrupts.elf
Finished building: default.size.stdout
 
Finished building: LabInterrupts.list
 

01:00:30 Build Finished. 0 errors, 1 warnings. (took 337ms)

